Component: ARM Compiler 5.06 update 6 (build 750) Tool: armlink [4d35ed]

==============================================================================

Section Cross References

    main.o(i.advertising_init) refers to app_error.o(i.app_error_handler_bare) for app_error_handler_bare
    main.o(i.advertising_init) refers to memseta.o(.text) for __aeabi_memclr4
    main.o(i.advertising_init) refers to ble_advdata.o(i.ble_advdata_set) for ble_advdata_set
    main.o(i.advertising_init) refers to main.o(.data) for .data
    main.o(i.advertising_init) refers to main.o(.bss) for .bss
    main.o(i.assert_nrf_callback) refers to app_error.o(i.app_error_handler) for app_error_handler
    main.o(i.ledtogle) refers to app_led.o(i.led_on) for led_on
    main.o(i.ledtogle) refers to nrf_delay.o(i.nrf_delay_ms) for nrf_delay_ms
    main.o(i.ledtogle) refers to app_led.o(i.led_off) for led_off
    main.o(i.main) refers to app_timer.o(i.app_timer_init) for app_timer_init
    main.o(i.main) refers to app_error.o(i.app_error_handler_bare) for app_error_handler_bare
    main.o(i.main) refers to bsp.o(i.bsp_init) for bsp_init
    main.o(i.main) refers to softdevice_handler.o(i.softdevice_handler_init) for softdevice_handler_init
    main.o(i.main) refers to softdevice_handler.o(i.softdevice_enable_get_default_config) for softdevice_enable_get_default_config
    main.o(i.main) refers to softdevice_handler.o(i.sd_check_ram_start) for sd_check_ram_start
    main.o(i.main) refers to softdevice_handler.o(i.softdevice_enable) for softdevice_enable
    main.o(i.main) refers to main.o(i.advertising_init) for advertising_init
    main.o(i.main) refers to app_led.o(i.led_init) for led_init
    main.o(i.main) refers to bsp.o(i.bsp_indication_set) for bsp_indication_set
    main.o(i.main) refers to app_led.o(i.led_on) for led_on
    main.o(i.main) refers to main.o(i.update_adv_data) for update_adv_data
    main.o(i.main) refers to main.o(i.ledtogle) for ledtogle
    main.o(i.main) refers to nrf_delay.o(i.nrf_delay_ms) for nrf_delay_ms
    main.o(i.main) refers to main.o(.bss) for .bss
    main.o(i.main) refers to main.o(.constdata) for .constdata
    main.o(i.update_adv_data) refers to app_error.o(i.app_error_handler_bare) for app_error_handler_bare
    main.o(i.update_adv_data) refers to bsp.o(i.bsp_indication_set) for bsp_indication_set
    main.o(i.update_adv_data) refers to main.o(.data) for .data
    main.o(i.update_adv_data) refers to main.o(.bss) for .bss
    app_led.o(i.led_init) refers to app_led.o(i.nrf_gpio_cfg_output) for nrf_gpio_cfg_output
    bsp.o(i.bsp_button_event_handler) refers to app_timer.o(i.app_timer_start) for app_timer_start
    bsp.o(i.bsp_button_event_handler) refers to app_timer.o(i.app_timer_stop) for app_timer_stop
    bsp.o(i.bsp_button_event_handler) refers to bsp.o(.constdata) for .constdata
    bsp.o(i.bsp_button_event_handler) refers to bsp.o(.data) for .data
    bsp.o(i.bsp_button_is_pressed) refers to bsp.o(.constdata) for .constdata
    bsp.o(i.bsp_buttons_disable) refers to app_button.o(i.app_button_disable) for app_button_disable
    bsp.o(i.bsp_buttons_enable) refers to app_button.o(i.app_button_enable) for app_button_enable
    bsp.o(i.bsp_buttons_state_get) refers to bsp.o(.constdata) for .constdata
    bsp.o(i.bsp_event_to_button_action_assign) refers to bsp.o(.data) for .data
    bsp.o(i.bsp_indication_set) refers to bsp.o(i.bsp_led_indication) for bsp_led_indication
    bsp.o(i.bsp_indication_set) refers to bsp.o(.data) for .data
    bsp.o(i.bsp_indication_text_set) refers to bsp.o(i.bsp_indication_set) for bsp_indication_set
    bsp.o(i.bsp_init) refers to bsp.o(i.bsp_event_to_button_action_assign) for bsp_event_to_button_action_assign
    bsp.o(i.bsp_init) refers to app_button.o(i.app_button_init) for app_button_init
    bsp.o(i.bsp_init) refers to app_button.o(i.app_button_enable) for app_button_enable
    bsp.o(i.bsp_init) refers to app_timer.o(i.app_timer_create) for app_timer_create
    bsp.o(i.bsp_init) refers to bsp.o(.data) for .data
    bsp.o(i.bsp_init) refers to bsp.o(.constdata) for .constdata
    bsp.o(i.bsp_init) refers to bsp.o(i.button_timer_handler) for button_timer_handler
    bsp.o(i.bsp_init) refers to bsp.o(i.leds_timer_handler) for leds_timer_handler
    bsp.o(i.bsp_init) refers to bsp.o(i.alert_timer_handler) for alert_timer_handler
    bsp.o(i.bsp_led_indication) refers to bsp.o(i.__ARM_common_switch8) for __ARM_common_switch8
    bsp.o(i.bsp_led_indication) refers to uidiv.o(.text) for __aeabi_uidivmod
    bsp.o(i.bsp_led_indication) refers to app_timer.o(i.app_timer_start) for app_timer_start
    bsp.o(i.bsp_led_indication) refers to app_timer.o(i.app_timer_stop) for app_timer_stop
    bsp.o(i.bsp_led_indication) refers to bsp.o(.data) for .data
    bsp.o(i.bsp_led_indication) refers to bsp.o(.constdata) for .constdata
    bsp.o(i.bsp_wakeup_buttons_set) refers to bsp.o(.constdata) for .constdata
[...]
    nrf_drv_uart.o(i.uart_irq_handler) refers to nrf_drv_uart.o(i.tx_done_event) for tx_done_event
    nrf_drv_uart.o(i.uart_irq_handler) refers to nrf_drv_uart.o(.bss) for .bss
    app_button.o(i.app_button_disable) refers to nrf_drv_gpiote.o(i.nrf_drv_gpiote_in_event_disable) for nrf_drv_gpiote_in_event_disable
    app_button.o(i.app_button_disable) refers to app_timer.o(i.app_timer_stop) for app_timer_stop
    app_button.o(i.app_button_disable) refers to app_button.o(.data) for .data
    app_button.o(i.app_button_disable) refers to app_button.o(.constdata) for .constdata
    app_button.o(i.app_button_enable) refers to nrf_drv_gpiote.o(i.nrf_drv_gpiote_in_event_enable) for nrf_drv_gpiote_in_event_enable
    app_button.o(i.app_button_enable) refers to app_button.o(.data) for .data
    app_button.o(i.app_button_init) refers to nrf_drv_gpiote.o(i.nrf_drv_gpiote_is_init) for nrf_drv_gpiote_is_init
    app_button.o(i.app_button_init) refers to nrf_drv_gpiote.o(i.nrf_drv_gpiote_init) for nrf_drv_gpiote_init
    app_button.o(i.app_button_init) refers to nrf_drv_gpiote.o(i.nrf_drv_gpiote_in_init) for nrf_drv_gpiote_in_init
    app_button.o(i.app_button_init) refers to app_timer.o(i.app_timer_create) for app_timer_create
    app_button.o(i.app_button_init) refers to app_button.o(.data) for .data
    app_button.o(i.app_button_init) refers to app_button.o(.constdata) for .constdata
    app_button.o(i.app_button_init) refers to app_button.o(i.gpiote_event_handler) for gpiote_event_handler
    app_button.o(i.app_button_init) refers to app_button.o(i.detection_delay_timeout_handler) for detection_delay_timeout_handler
    app_button.o(i.app_button_is_pushed) refers to nrf_drv_gpiote.o(i.nrf_drv_gpiote_in_is_set) for nrf_drv_gpiote_in_is_set
    app_button.o(i.app_button_is_pushed) refers to app_button.o(.data) for .data
    app_button.o(i.detection_delay_timeout_handler) refers to nrf_drv_gpiote.o(i.nrf_drv_gpiote_in_is_set) for nrf_drv_gpiote_in_is_set
    app_button.o(i.detection_delay_timeout_handler) refers to app_button.o(.data) for .data
    app_button.o(i.gpiote_event_handler) refers to app_timer.o(i.app_timer_stop) for app_timer_stop
    app_button.o(i.gpiote_event_handler) refers to nrf_drv_gpiote.o(i.nrf_drv_gpiote_in_is_set) for nrf_drv_gpiote_in_is_set
    app_button.o(i.gpiote_event_handler) refers to app_timer.o(i.app_timer_start) for app_timer_start
    app_button.o(i.gpiote_event_handler) refers to app_button.o(.constdata) for .constdata
    app_button.o(i.gpiote_event_handler) refers to app_button.o(.data) for .data
    app_button.o(.constdata) refers to app_button.o(.bss) for m_detection_delay_timer_id_data
    app_error.o(i.app_error_handler) refers to app_error_weak.o(i.app_error_fault_handler) for app_error_fault_handler
    app_error.o(i.app_error_handler_bare) refers to app_error_weak.o(i.app_error_fault_handler) for app_error_fault_handler
    app_error.o(i.app_error_save_and_stop) refers to app_error.o(.bss) for .bss
    app_fifo.o(i.app_fifo_get) refers to app_fifo.o(i.fifo_get) for fifo_get
    app_fifo.o(i.app_fifo_put) refers to app_fifo.o(i.fifo_put) for fifo_put
    app_fifo.o(i.app_fifo_read) refers to app_fifo.o(i.fifo_get) for fifo_get
    app_fifo.o(i.app_fifo_write) refers to app_fifo.o(i.fifo_put) for fifo_put
    app_timer.o(i.RTC1_IRQHandler) refers to app_timer.o(i.timer_timeouts_check) for timer_timeouts_check
    app_timer.o(i.SWI0_IRQHandler) refers to app_timer.o(i.timer_list_handler) for timer_list_handler
    app_timer.o(i.app_timer_create) refers to app_timer.o(.data) for .data
    app_timer.o(i.app_timer_init) refers to app_timer.o(i.rtc1_stop) for rtc1_stop
    app_timer.o(i.app_timer_init) refers to app_timer.o(i.NVIC_SetPriority) for NVIC_SetPriority
    app_timer.o(i.app_timer_init) refers to app_timer.o(.data) for .data
    app_timer.o(i.app_timer_start) refers to app_timer.o(i.user_id_get) for user_id_get
    app_timer.o(i.app_timer_start) refers to app_timer.o(i.user_op_alloc) for user_op_alloc
    app_timer.o(i.app_timer_start) refers to app_timer.o(i.timer_list_handler_sched) for timer_list_handler_sched
    app_timer.o(i.app_timer_start) refers to app_timer.o(.data) for .data
    app_timer.o(i.app_timer_stop) refers to app_timer.o(i.user_id_get) for user_id_get
    app_timer.o(i.app_timer_stop) refers to app_timer.o(i.user_op_alloc) for user_op_alloc
    app_timer.o(i.app_timer_stop) refers to app_timer.o(i.timer_list_handler_sched) for timer_list_handler_sched
    app_timer.o(i.app_timer_stop) refers to app_timer.o(.data) for .data
    app_timer.o(i.app_timer_stop_all) refers to app_timer.o(i.user_id_get) for user_id_get
    app_timer.o(i.app_timer_stop_all) refers to app_timer.o(i.user_op_alloc) for user_op_alloc
    app_timer.o(i.app_timer_stop_all) refers to app_timer.o(i.timer_list_handler_sched) for timer_list_handler_sched
    app_timer.o(i.app_timer_stop_all) refers to app_timer.o(.data) for .data
    app_timer.o(i.compare_reg_update) refers to app_timer.o(.emb_text) for __asm___11_app_timer_c_cd27f9c3__nrf_delay_us
    app_timer.o(i.compare_reg_update) refers to app_timer.o(i.rtc1_stop) for rtc1_stop
    app_timer.o(i.compare_reg_update) refers to app_timer.o(.data) for .data
    app_timer.o(i.elapsed_ticks_acquire) refers to app_timer.o(.data) for .data
    app_timer.o(i.list_deletions_handler) refers to app_timer.o(.data) for .data
    app_timer.o(i.list_insertions_handler) refers to app_timer.o(i.timer_list_insert) for timer_list_insert
    app_timer.o(i.list_insertions_handler) refers to app_timer.o(.data) for .data
    app_timer.o(i.rtc1_stop) refers to app_timer.o(.emb_text) for __asm___11_app_timer_c_cd27f9c3__nrf_delay_us
    app_timer.o(i.rtc1_stop) refers to app_timer.o(.data) for .data
    app_timer.o(i.timer_list_handler) refers to app_timer.o(i.elapsed_ticks_acquire) for elapsed_ticks_acquire
    app_timer.o(i.timer_list_handler) refers to app_timer.o(i.list_deletions_handler) for list_deletions_handler
    app_timer.o(i.timer_list_handler) refers to app_timer.o(i.list_insertions_handler) for list_insertions_handler
    app_timer.o(i.timer_list_handler) refers to app_timer.o(i.compare_reg_update) for compare_reg_update
    app_timer.o(i.timer_list_handler) refers to app_timer.o(.data) for .data
    app_timer.o(i.timer_list_insert) refers to app_timer.o(.data) for .data
    app_timer.o(i.timer_timeouts_check) refers to app_error.o(i.app_error_handler_bare) for app_error_handler_bare
    app_timer.o(i.timer_timeouts_check) refers to app_timer.o(i.timer_list_handler_sched) for timer_list_handler_sched
    app_timer.o(i.timer_timeouts_check) refers to app_timer.o(.data) for .data
    app_util_platform.o(i.app_util_critical_region_enter) refers to softdevice_handler.o(.data) for nrf_nvic_state
    app_util_platform.o(i.app_util_critical_region_exit) refers to softdevice_handler.o(.data) for nrf_nvic_state
    app_util_platform.o(i.app_util_disable_irq) refers to app_util_platform.o(.data) for .data
    app_util_platform.o(i.app_util_enable_irq) refers to app_util_platform.o(.data) for .data
    nrf_log.o(i.log_hex) refers to nrf_log.o(.bss) for .bss
    nrf_log.o(i.log_hex_char) refers to nrf_log.o(.data) for .data
    nrf_log.o(i.log_uart_init) refers to app_uart_fifo.o(i.app_uart_init) for app_uart_init
    nrf_log.o(i.log_uart_init) refers to nrf_log.o(.data) for .data
    nrf_log.o(i.log_uart_init) refers to nrf_log.o(.constdata) for .constdata
    nrf_log.o(i.log_uart_init) refers to nrf_log.o(.bss) for .bss
    nrf_log.o(i.log_uart_init) refers to nrf_log.o(i.uart_error_cb) for uart_error_cb
    nrf_log.o(i.log_uart_printf) refers to printfa.o(i.__0vprintf) for vprintf
    nrf_log.o(i.log_uart_read_input) refers to app_uart_fifo.o(i.app_uart_get) for app_uart_get
    nrf_log.o(i.log_uart_read_input) refers to nrf_log.o(.data) for .data
    nrf_log.o(i.log_uart_write_hex) refers to app_uart_fifo.o(i.app_uart_put) for app_uart_put
    nrf_log.o(i.log_uart_write_hex_char) refers to app_uart_fifo.o(i.app_uart_put) for app_uart_put
    nrf_log.o(i.uart_error_cb) refers to app_error.o(i.app_error_handler_bare) for app_error_handler_bare
    retarget.o(i.fgetc) refers to app_uart_fifo.o(i.app_uart_get) for app_uart_get
    retarget.o(i.fputc) refers to app_uart_fifo.o(i.app_uart_put) for app_uart_put
    segger_rtt.o(i.SEGGER_RTT_ConfigDownBuffer) refers to segger_rtt.o(i._DoInit) for _DoInit
    segger_rtt.o(i.SEGGER_RTT_ConfigDownBuffer) refers to segger_rtt.o(.bss) for .bss
    segger_rtt.o(i.SEGGER_RTT_ConfigUpBuffer) refers to segger_rtt.o(i._DoInit) for _DoInit
    segger_rtt.o(i.SEGGER_RTT_ConfigUpBuffer) refers to segger_rtt.o(.bss) for .bss
    segger_rtt.o(i.SEGGER_RTT_GetKey) refers to segger_rtt.o(i.SEGGER_RTT_Read) for SEGGER_RTT_Read
    segger_rtt.o(i.SEGGER_RTT_HasData) refers to segger_rtt.o(.bss) for .bss
    segger_rtt.o(i.SEGGER_RTT_HasKey) refers to segger_rtt.o(i._DoInit) for _DoInit
    segger_rtt.o(i.SEGGER_RTT_HasKey) refers to segger_rtt.o(.bss) for .bss
    segger_rtt.o(i.SEGGER_RTT_Init) refers to segger_rtt.o(i._DoInit) for _DoInit
    segger_rtt.o(i.SEGGER_RTT_Init) refers to segger_rtt.o(.bss) for .bss
    segger_rtt.o(i.SEGGER_RTT_Read) refers to segger_rtt.o(i.SEGGER_RTT_ReadNoLock) for SEGGER_RTT_ReadNoLock
    segger_rtt.o(i.SEGGER_RTT_ReadNoLock) refers to segger_rtt.o(i._DoInit) for _DoInit
    segger_rtt.o(i.SEGGER_RTT_ReadNoLock) refers to memcpya.o(.text) for __aeabi_memcpy
    segger_rtt.o(i.SEGGER_RTT_ReadNoLock) refers to segger_rtt.o(.bss) for .bss
    segger_rtt.o(i.SEGGER_RTT_SetNameDownBuffer) refers to segger_rtt.o(i._DoInit) for _DoInit
    segger_rtt.o(i.SEGGER_RTT_SetNameDownBuffer) refers to segger_rtt.o(.bss) for .bss
    segger_rtt.o(i.SEGGER_RTT_SetNameUpBuffer) refers to segger_rtt.o(i._DoInit) for _DoInit
    segger_rtt.o(i.SEGGER_RTT_SetNameUpBuffer) refers to segger_rtt.o(.bss) for .bss
    segger_rtt.o(i.SEGGER_RTT_SetTerminal) refers to segger_rtt.o(i._DoInit) for _DoInit
    segger_rtt.o(i.SEGGER_RTT_SetTerminal) refers to segger_rtt.o(i._GetAvailWriteSpace) for _GetAvailWriteSpace
    segger_rtt.o(i.SEGGER_RTT_SetTerminal) refers to segger_rtt.o(i._WriteNoCheck) for _WriteNoCheck
    segger_rtt.o(i.SEGGER_RTT_SetTerminal) refers to segger_rtt.o(i._WriteBlocking) for _WriteBlocking
    segger_rtt.o(i.SEGGER_RTT_SetTerminal) refers to segger_rtt.o(.bss) for .bss
    segger_rtt.o(i.SEGGER_RTT_SetTerminal) refers to segger_rtt.o(.data) for .data
    segger_rtt.o(i.SEGGER_RTT_TerminalOut) refers to segger_rtt.o(i._DoInit) for _DoInit
    segger_rtt.o(i.SEGGER_RTT_TerminalOut) refers to strlen.o(.text) for strlen
    segger_rtt.o(i.SEGGER_RTT_TerminalOut) refers to segger_rtt.o(i._GetAvailWriteSpace) for _GetAvailWriteSpace
    segger_rtt.o(i.SEGGER_RTT_TerminalOut) refers to segger_rtt.o(i._PostTerminalSwitch) for _PostTerminalSwitch
    segger_rtt.o(i.SEGGER_RTT_TerminalOut) refers to segger_rtt.o(i._WriteBlocking) for _WriteBlocking
    segger_rtt.o(i.SEGGER_RTT_TerminalOut) refers to segger_rtt.o(.bss) for .bss
    segger_rtt.o(i.SEGGER_RTT_TerminalOut) refers to segger_rtt.o(.data) for .data
    segger_rtt.o(i.SEGGER_RTT_WaitKey) refers to segger_rtt.o(i.SEGGER_RTT_GetKey) for SEGGER_RTT_GetKey
    segger_rtt.o(i.SEGGER_RTT_Write) refers to segger_rtt.o(i._DoInit) for _DoInit
    segger_rtt.o(i.SEGGER_RTT_Write) refers to segger_rtt.o(i.SEGGER_RTT_WriteNoLock) for SEGGER_RTT_WriteNoLock
    segger_rtt.o(i.SEGGER_RTT_Write) refers to segger_rtt.o(.bss) for .bss
    segger_rtt.o(i.SEGGER_RTT_WriteNoLock) refers to segger_rtt.o(i._GetAvailWriteSpace) for _GetAvailWriteSpace
    segger_rtt.o(i.SEGGER_RTT_WriteNoLock) refers to segger_rtt.o(i._WriteNoCheck) for _WriteNoCheck
    segger_rtt.o(i.SEGGER_RTT_WriteNoLock) refers to segger_rtt.o(i._WriteBlocking) for _WriteBlocking
    segger_rtt.o(i.SEGGER_RTT_WriteNoLock) refers to segger_rtt.o(.bss) for .bss
    segger_rtt.o(i.SEGGER_RTT_WriteSkipNoLock) refers to memcpya.o(.text) for __aeabi_memcpy
    segger_rtt.o(i.SEGGER_RTT_WriteSkipNoLock) refers to segger_rtt.o(.bss) for .bss
    segger_rtt.o(i.SEGGER_RTT_WriteString) refers to strlen.o(.text) for strlen
    segger_rtt.o(i.SEGGER_RTT_WriteString) refers to segger_rtt.o(i.SEGGER_RTT_Write) for SEGGER_RTT_Write
    segger_rtt.o(i._DoInit) refers to strcpy.o(.text) for strcpy
    segger_rtt.o(i._DoInit) refers to segger_rtt.o(.bss) for .bss
    segger_rtt.o(i._PostTerminalSwitch) refers to segger_rtt.o(i._WriteBlocking) for _WriteBlocking
    segger_rtt.o(i._PostTerminalSwitch) refers to segger_rtt.o(.data) for .data
    segger_rtt.o(i._WriteBlocking) refers to memcpya.o(.text) for __aeabi_memcpy
    segger_rtt.o(i._WriteNoCheck) refers to memcpya.o(.text) for __aeabi_memcpy
    softdevice_handler.o(i.SWI2_IRQHandler) refers to app_error.o(i.app_error_handler_bare) for app_error_handler_bare
    softdevice_handler.o(i.SWI2_IRQHandler) refers to softdevice_handler.o(i.intern_softdevice_events_execute) for intern_softdevice_events_execute
    softdevice_handler.o(i.SWI2_IRQHandler) refers to softdevice_handler.o(.data) for .data
    softdevice_handler.o(i.intern_softdevice_events_execute) refers to app_error.o(i.app_error_handler_bare) for app_error_handler_bare
    softdevice_handler.o(i.intern_softdevice_events_execute) refers to softdevice_handler.o(.data) for .data
    softdevice_handler.o(i.sd_nvic_EnableIRQ) refers to softdevice_handler.o(.data) for .data
    softdevice_handler.o(i.softdevice_ble_evt_handler_set) refers to softdevice_handler.o(.data) for .data
    softdevice_handler.o(i.softdevice_enable_get_default_config) refers to memseta.o(.text) for __aeabi_memclr4
    softdevice_handler.o(i.softdevice_fault_handler) refers to app_error_weak.o(i.app_error_fault_handler) for app_error_fault_handler
    softdevice_handler.o(i.softdevice_handler_init) refers to softdevice_handler.o(i.sd_nvic_EnableIRQ) for sd_nvic_EnableIRQ
    softdevice_handler.o(i.softdevice_handler_init) refers to softdevice_handler.o(.data) for .data
    softdevice_handler.o(i.softdevice_handler_init) refers to softdevice_handler.o(i.softdevice_fault_handler) for softdevice_fault_handler
    softdevice_handler.o(i.softdevice_handler_isEnabled) refers to softdevice_handler.o(.data) for .data
    softdevice_handler.o(i.softdevice_handler_sd_disable) refers to softdevice_handler.o(.data) for .data
    softdevice_handler.o(i.softdevice_sys_evt_handler_set) refers to softdevice_handler.o(.data) for .data
    arm_startup_nrf51.o(RESET) refers to arm_startup_nrf51.o(STACK) for __initial_sp
    arm_startup_nrf51.o(RESET) refers to arm_startup_nrf51.o(.text) for Reset_Handler
    arm_startup_nrf51.o(RESET) refers to nrf_drv_uart.o(i.UART0_IRQHandler) for UART0_IRQHandler
    arm_startup_nrf51.o(RESET) refers to nrf_drv_gpiote.o(i.GPIOTE_IRQHandler) for GPIOTE_IRQHandler
    arm_startup_nrf51.o(RESET) refers to app_timer.o(i.RTC1_IRQHandler) for RTC1_IRQHandler
    arm_startup_nrf51.o(RESET) refers to app_timer.o(i.SWI0_IRQHandler) for SWI0_IRQHandler
    arm_startup_nrf51.o(RESET) refers to softdevice_handler.o(i.SWI2_IRQHandler) for SWI2_IRQHandler
    arm_startup_nrf51.o(.text) refers to system_nrf51.o(i.SystemInit) for SystemInit
    arm_startup_nrf51.o(.text) refers to entry.o(.ARM.Collect$$$$00000000) for __main
    system_nrf51.o(i.SystemCoreClockUpdate) refers to system_nrf51.o(.data) for .data
    system_nrf51.o(i.SystemInit) refers to system_nrf51.o(i.is_manual_peripheral_setup_needed) for is_manual_peripheral_setup_needed
    entry.o(.ARM.Collect$$$$00000000) refers (Special) to entry10a.o(.ARM.Collect$$$$0000000D) for __rt_final_cpp
    entry.o(.ARM.Collect$$$$00000000) refers (Special) to entry11a.o(.ARM.Collect$$$$0000000F) for __rt_final_exit
    entry.o(.ARM.Collect$$$$00000000) refers (Special) to entry7b.o(.ARM.Collect$$$$00000008) for _main_clock
    entry.o(.ARM.Collect$$$$00000000) refers (Special) to entry8b.o(.ARM.Collect$$$$0000000A) for _main_cpp_init
    entry.o(.ARM.Collect$$$$00000000) refers (Special) to entry9a.o(.ARM.Collect$$$$0000000B) for _main_init
    entry.o(.ARM.Collect$$$$00000000) refers (Special) to entry5.o(.ARM.Collect$$$$00000004) for _main_scatterload
    entry.o(.ARM.Collect$$$$00000000) refers (Special) to entry2.o(.ARM.Collect$$$$00000001) for _main_stk
    printfa.o(i.__0fprintf) refers (Special) to iusefp.o(.text) for __I$use$fp
    printfa.o(i.__0fprintf) refers to printfa.o(i._printf_core) for _printf_core
    printfa.o(i.__0fprintf) refers to retarget.o(i.fputc) for fputc
    printfa.o(i.__0printf) refers (Special) to iusefp.o(.text) for __I$use$fp
    printfa.o(i.__0printf) refers to printfa.o(i._printf_core) for _printf_core
    printfa.o(i.__0printf) refers to retarget.o(i.fputc) for fputc
    printfa.o(i.__0printf) refers to retarget.o(.data) for __stdout
    printfa.o(i.__0snprintf) refers (Special) to iusefp.o(.text) for __I$use$fp
    printfa.o(i.__0snprintf) refers to printfa.o(i._printf_core) for _printf_core
    printfa.o(i.__0snprintf) refers to printfa.o(i._snputc) for _snputc
    printfa.o(i.__0sprintf) refers (Special) to iusefp.o(.text) for __I$use$fp
    printfa.o(i.__0sprintf) refers to printfa.o(i._printf_core) for _printf_core
    printfa.o(i.__0sprintf) refers to printfa.o(i._sputc) for _sputc
    printfa.o(i.__0vfprintf) refers (Special) to iusefp.o(.text) for __I$use$fp
    printfa.o(i.__0vfprintf) refers to printfa.o(i._printf_core) for _printf_core
    printfa.o(i.__0vfprintf) refers to retarget.o(i.fputc) for fputc
    printfa.o(i.__0vprintf) refers (Special) to iusefp.o(.text) for __I$use$fp
    printfa.o(i.__0vprintf) refers to printfa.o(i._printf_core) for _printf_core
    printfa.o(i.__0vprintf) refers to retarget.o(i.fputc) for fputc
    printfa.o(i.__0vprintf) refers to retarget.o(.data) for __stdout
    printfa.o(i.__0vsnprintf) refers (Special) to iusefp.o(.text) for __I$use$fp
    printfa.o(i.__0vsnprintf) refers to printfa.o(i._printf_core) for _printf_core
    printfa.o(i.__0vsnprintf) refers to printfa.o(i._snputc) for _snputc
    printfa.o(i.__0vsprintf) refers (Special) to iusefp.o(.text) for __I$use$fp
    printfa.o(i.__0vsprintf) refers to printfa.o(i._printf_core) for _printf_core
    printfa.o(i.__0vsprintf) refers to printfa.o(i._sputc) for _sputc
    printfa.o(i._fp_digits) refers (Special) to iusefp.o(.text) for __I$use$fp
    printfa.o(i._fp_digits) refers to dmul.o(.text) for __aeabi_dmul
    printfa.o(i._fp_digits) refers to ddiv.o(.text) for __aeabi_ddiv
    printfa.o(i._fp_digits) refers to cdrcmple.o(.text) for __aeabi_cdrcmple
    printfa.o(i._fp_digits) refers to dadd.o(.text) for __aeabi_dadd
    printfa.o(i._fp_digits) refers to dfixul.o(.text) for __aeabi_d2ulz
    printfa.o(i._fp_digits) refers to uldiv.o(.text) for __aeabi_uldivmod
    printfa.o(i._printf_core) refers (Special) to iusefp.o(.text) for __I$use$fp
    printfa.o(i._printf_core) refers to printfa.o(i._printf_pre_padding) for _printf_pre_padding
    printfa.o(i._printf_core) refers to uldiv.o(.text) for __aeabi_uldivmod
    printfa.o(i._printf_core) refers to printfa.o(i._printf_post_padding) for _printf_post_padding
    printfa.o(i._printf_core) refers to printfa.o(i._fp_digits) for _fp_digits
    printfa.o(i._printf_core) refers to uidiv.o(.text) for __aeabi_uidivmod
    printfa.o(i._printf_post_padding) refers (Special) to iusefp.o(.text) for __I$use$fp
    printfa.o(i._printf_pre_padding) refers (Special) to iusefp.o(.text) for __I$use$fp
    printfa.o(i._snputc) refers (Special) to iusefp.o(.text) for __I$use$fp
    printfa.o(i._sputc) refers (Special) to iusefp.o(.text) for __I$use$fp
    entry2.o(.ARM.Collect$$$$00000001) refers to entry2.o(.ARM.Collect$$$$00002712) for __lit__00000000
    entry2.o(.ARM.Collect$$$$00002712) refers to arm_startup_nrf51.o(STACK) for __initial_sp
    entry2.o(__vectab_stack_and_reset_area) refers to arm_startup_nrf51.o(STACK) for __initial_sp
    entry2.o(__vectab_stack_and_reset_area) refers to entry.o(.ARM.Collect$$$$00000000) for __main
    entry5.o(.ARM.Collect$$$$00000004) refers to init.o(.text) for __scatterload
    entry9a.o(.ARM.Collect$$$$0000000B) refers to main.o(i.main) for main
    entry9b.o(.ARM.Collect$$$$0000000C) refers to main.o(i.main) for main
    uldiv.o(.text) refers to llushr.o(.text) for __aeabi_llsr
    uldiv.o(.text) refers to llshl.o(.text) for __aeabi_llsl
    dadd.o(.text) refers to llshl.o(.text) for __aeabi_llsl
    dadd.o(.text) refers to llsshr.o(.text) for __aeabi_lasr
    dadd.o(.text) refers to depilogue.o(.text) for _double_epilogue
    dmul.o(.text) refers to depilogue.o(.text) for _double_epilogue
    ddiv.o(.text) refers to depilogue.o(.text) for _double_round
    dfixul.o(.text) refers to llushr.o(.text) for __aeabi_llsr
    dfixul.o(.text) refers to llshl.o(.text) for __aeabi_llsl
    init.o(.text) refers to entry5.o(.ARM.Collect$$$$00000004) for __main_after_scatterload
    depilogue.o(.text) refers to depilogue.o(i.__ARM_clz) for __ARM_clz
    depilogue.o(.text) refers to llshl.o(.text) for __aeabi_llsl
    depilogue.o(.text) refers to llushr.o(.text) for __aeabi_llsr
    nrf_log.o(i.log_uart_write_string) refers to app_uart_fifo.o(i.app_uart_put) for app_uart_put
    nrf_log.o(i.log_uart_write_string_many) refers to nrf_log.o(i.log_uart_write_string) for log_uart_write_string
    nrf_log.o(i.log_uart_has_input) refers to app_uart_fifo.o(i.app_uart_get) for app_uart_get
    nrf_log.o(i.log_uart_has_input) refers to nrf_log.o(.data) for .data


==============================================================================

Removing Unused input sections from the image.

    Removing main.o(.rev16_text), (4 bytes).
    Removing main.o(.revsh_text), (4 bytes).
    Removing main.o(.emb_text), (30 bytes).
    Removing main.o(i.assert_nrf_callback), (20 bytes).
    Removing app_led.o(.rev16_text), (4 bytes).
    Removing app_led.o(.revsh_text), (4 bytes).
    Removing bsp.o(.rev16_text), (4 bytes).
    Removing bsp.o(.revsh_text), (4 bytes).
    Removing bsp.o(i.bsp_button_is_pressed), (44 bytes).
    Removing bsp.o(i.bsp_buttons_disable), (8 bytes).
    Removing bsp.o(i.bsp_buttons_enable), (8 bytes).
    Removing bsp.o(i.bsp_buttons_state_get), (60 bytes).
    Removing bsp.o(i.bsp_indication_text_set), (8 bytes).
    Removing bsp.o(i.bsp_wakeup_buttons_set), (60 bytes).
    Removing ble_advdata.o(.rev16_text), (4 bytes).
    Removing ble_advdata.o(.revsh_text), (4 bytes).
    Removing ble_conn_params.o(.rev16_text), (4 bytes).
    Removing ble_conn_params.o(.revsh_text), (4 bytes).
    Removing ble_conn_params.o(i.ble_conn_params_change_conn_params), (80 bytes).
    Removing ble_conn_params.o(i.ble_conn_params_init), (84 bytes).
    Removing ble_conn_params.o(i.ble_conn_params_on_ble_evt), (144 bytes).
    Removing ble_conn_params.o(i.ble_conn_params_stop), (16 bytes).
    Removing ble_conn_params.o(i.conn_params_negotiation), (104 bytes).
    Removing ble_conn_params.o(i.is_conn_params_ok), (28 bytes).
    Removing ble_conn_params.o(i.update_timeout_handler), (100 bytes).
    Removing ble_conn_params.o(.bss), (32 bytes).
    Removing ble_conn_params.o(.bss), (28 bytes).
    Removing ble_conn_params.o(.constdata), (4 bytes).
    Removing ble_conn_params.o(.data), (20 bytes).
    Removing ble_srv_common.o(.rev16_text), (4 bytes).
    Removing ble_srv_common.o(.revsh_text), (4 bytes).
    Removing ble_srv_common.o(i.ble_srv_ascii_to_utf8), (18 bytes).
    Removing ble_srv_common.o(i.ble_srv_report_ref_encode), (12 bytes).
    Removing ble_srv_common.o(i.characteristic_add), (400 bytes).
    Removing ble_srv_common.o(i.descriptor_add), (176 bytes).
    Removing ble_srv_common.o(i.set_security_req), (46 bytes).
    Removing app_uart_fifo.o(.rev16_text), (4 bytes).
    Removing app_uart_fifo.o(.revsh_text), (4 bytes).
    Removing app_uart_fifo.o(i.app_uart_close), (10 bytes).
    Removing app_uart_fifo.o(i.app_uart_flush), (28 bytes).
    Removing app_uart_fifo.o(i.app_uart_get), (52 bytes).
    Removing app_uart_fifo.o(i.app_uart_init), (160 bytes).
    Removing app_uart_fifo.o(i.app_uart_put), (56 bytes).
    Removing app_uart_fifo.o(i.uart_event_handler), (176 bytes).
    Removing app_uart_fifo.o(.bss), (32 bytes).
    Removing app_uart_fifo.o(.constdata), (32 bytes).
    Removing app_uart_fifo.o(.data), (8 bytes).
    Removing nrf_delay.o(.rev16_text), (4 bytes).
    Removing nrf_delay.o(.revsh_text), (4 bytes).
    Removing nrf_delay.o(i.nrf_delay_us_make), (10 bytes).
    Removing nrf_drv_common.o(.rev16_text), (4 bytes).
    Removing nrf_drv_common.o(.revsh_text), (4 bytes).
    Removing nrf_drv_gpiote.o(.rev16_text), (4 bytes).
    Removing nrf_drv_gpiote.o(.revsh_text), (4 bytes).
    Removing nrf_drv_gpiote.o(i.nrf_drv_gpiote_in_event_addr_get), (24 bytes).
    Removing nrf_drv_gpiote.o(i.nrf_drv_gpiote_in_event_disable), (72 bytes).
    Removing nrf_drv_gpiote.o(i.nrf_drv_gpiote_in_uninit), (76 bytes).
    Removing nrf_drv_gpiote.o(i.nrf_drv_gpiote_out_clear), (16 bytes).
    Removing nrf_drv_gpiote.o(i.nrf_drv_gpiote_out_init), (152 bytes).
    Removing nrf_drv_gpiote.o(i.nrf_drv_gpiote_out_set), (16 bytes).
    Removing nrf_drv_gpiote.o(i.nrf_drv_gpiote_out_task_addr_get), (20 bytes).
    Removing nrf_drv_gpiote.o(i.nrf_drv_gpiote_out_task_disable), (32 bytes).
    Removing nrf_drv_gpiote.o(i.nrf_drv_gpiote_out_task_enable), (48 bytes).
    Removing nrf_drv_gpiote.o(i.nrf_drv_gpiote_out_task_force), (44 bytes).
    Removing nrf_drv_gpiote.o(i.nrf_drv_gpiote_out_task_trigger), (24 bytes).
    Removing nrf_drv_gpiote.o(i.nrf_drv_gpiote_out_toggle), (24 bytes).
    Removing nrf_drv_gpiote.o(i.nrf_drv_gpiote_out_uninit), (68 bytes).
    Removing nrf_drv_gpiote.o(i.nrf_drv_gpiote_uninit), (56 bytes).
    Removing nrf_drv_gpiote.o(i.nrf_gpio_cfg_default), (18 bytes).
    Removing nrf_drv_uart.o(.rev16_text), (4 bytes).
    Removing nrf_drv_uart.o(.revsh_text), (4 bytes).
    Removing nrf_drv_uart.o(i.nrf_drv_uart_errorsrc_get), (28 bytes).
    Removing nrf_drv_uart.o(i.nrf_drv_uart_init), (200 bytes).
    Removing nrf_drv_uart.o(i.nrf_drv_uart_rx), (76 bytes).
    Removing nrf_drv_uart.o(i.nrf_drv_uart_rx_abort), (24 bytes).
    Removing nrf_drv_uart.o(i.nrf_drv_uart_rx_disable), (24 bytes).
    Removing nrf_drv_uart.o(i.nrf_drv_uart_rx_enable), (24 bytes).
    Removing nrf_drv_uart.o(i.nrf_drv_uart_rx_for_uart), (156 bytes).
    Removing nrf_drv_uart.o(i.nrf_drv_uart_tx), (36 bytes).
    Removing nrf_drv_uart.o(i.nrf_drv_uart_tx_abort), (44 bytes).
    Removing nrf_drv_uart.o(i.nrf_drv_uart_tx_for_uart), (116 bytes).
    Removing nrf_drv_uart.o(i.nrf_drv_uart_tx_in_progress), (16 bytes).
    Removing nrf_drv_uart.o(i.nrf_drv_uart_uninit), (108 bytes).
    Removing nrf_drv_uart.o(i.nrf_gpio_cfg), (36 bytes).
    Removing nrf_drv_uart.o(i.nrf_gpio_cfg_default), (18 bytes).
    Removing nrf_drv_uart.o(i.nrf_gpio_cfg_input), (18 bytes).
    Removing nrf_drv_uart.o(i.nrf_gpio_cfg_output), (20 bytes).
    Removing nrf_drv_uart.o(i.rx_enable), (28 bytes).
    Removing nrf_drv_uart.o(.constdata), (32 bytes).
    Removing app_button.o(.rev16_text), (4 bytes).
    Removing app_button.o(.revsh_text), (4 bytes).
    Removing app_button.o(i.app_button_disable), (44 bytes).
    Removing app_button.o(i.app_button_is_pushed), (44 bytes).
    Removing app_error.o(.rev16_text), (4 bytes).
    Removing app_error.o(.revsh_text), (4 bytes).
    Removing app_error.o(i.app_error_handler), (28 bytes).
    Removing app_error.o(i.app_error_save_and_stop), (100 bytes).
    Removing app_error.o(.bss), (32 bytes).
    Removing app_error_weak.o(.rev16_text), (4 bytes).
    Removing app_error_weak.o(.revsh_text), (4 bytes).
    Removing app_fifo.o(.rev16_text), (4 bytes).
    Removing app_fifo.o(.revsh_text), (4 bytes).
    Removing app_fifo.o(i.app_fifo_flush), (8 bytes).
    Removing app_fifo.o(i.app_fifo_get), (22 bytes).
    Removing app_fifo.o(i.app_fifo_init), (36 bytes).
    Removing app_fifo.o(i.app_fifo_peek), (34 bytes).
    Removing app_fifo.o(i.app_fifo_put), (26 bytes).
    Removing app_fifo.o(i.app_fifo_read), (72 bytes).
    Removing app_fifo.o(i.app_fifo_write), (78 bytes).
    Removing app_fifo.o(i.fifo_get), (20 bytes).
    Removing app_fifo.o(i.fifo_put), (18 bytes).
    Removing app_timer.o(.rev16_text), (4 bytes).
    Removing app_timer.o(.revsh_text), (4 bytes).
    Removing app_timer.o(i.app_timer_cnt_diff_compute), (12 bytes).
    Removing app_timer.o(i.app_timer_cnt_get), (16 bytes).
    Removing app_timer.o(i.app_timer_stop_all), (68 bytes).
    Removing app_util_platform.o(.rev16_text), (4 bytes).
    Removing app_util_platform.o(.revsh_text), (4 bytes).
    Removing app_util_platform.o(i.app_util_critical_region_enter), (60 bytes).
    Removing app_util_platform.o(i.app_util_critical_region_exit), (44 bytes).
    Removing app_util_platform.o(i.app_util_disable_irq), (16 bytes).
    Removing app_util_platform.o(i.app_util_enable_irq), (20 bytes).
    Removing app_util_platform.o(.data), (4 bytes).
    Removing nrf_assert.o(.rev16_text), (4 bytes).
    Removing nrf_assert.o(.revsh_text), (4 bytes).
    Removing nrf_log.o(.rev16_text), (4 bytes).
    Removing nrf_log.o(.revsh_text), (4 bytes).
    Removing nrf_log.o(i.log_hex), (64 bytes).
    Removing nrf_log.o(i.log_hex_char), (56 bytes).
    Removing nrf_log.o(i.log_uart_init), (76 bytes).
    Removing nrf_log.o(i.log_uart_printf), (20 bytes).
    Removing nrf_log.o(i.log_uart_read_input), (36 bytes).
    Removing nrf_log.o(i.log_uart_write_hex), (52 bytes).
    Removing nrf_log.o(i.log_uart_write_hex_char), (44 bytes).
    Removing nrf_log.o(i.uart_error_cb), (20 bytes).
    Removing nrf_log.o(.bss), (523 bytes).
    Removing nrf_log.o(.constdata), (12 bytes).
    Removing nrf_log.o(.data), (7 bytes).
    Removing retarget.o(.rev16_text), (4 bytes).
    Removing retarget.o(.revsh_text), (4 bytes).
    Removing retarget.o(i.fgetc), (18 bytes).
    Removing retarget.o(i.fputc), (14 bytes).
    Removing retarget.o(.data), (4 bytes).
    Removing retarget.o(.data), (4 bytes).
    Removing segger_rtt.o(i.SEGGER_RTT_ConfigDownBuffer), (76 bytes).
    Removing segger_rtt.o(i.SEGGER_RTT_ConfigUpBuffer), (76 bytes).
    Removing segger_rtt.o(i.SEGGER_RTT_GetKey), (28 bytes).
    Removing segger_rtt.o(i.SEGGER_RTT_HasData), (20 bytes).
    Removing segger_rtt.o(i.SEGGER_RTT_HasKey), (36 bytes).
    Removing segger_rtt.o(i.SEGGER_RTT_Init), (20 bytes).
    Removing segger_rtt.o(i.SEGGER_RTT_Read), (8 bytes).
    Removing segger_rtt.o(i.SEGGER_RTT_ReadNoLock), (128 bytes).
    Removing segger_rtt.o(i.SEGGER_RTT_SetNameDownBuffer), (48 bytes).
    Removing segger_rtt.o(i.SEGGER_RTT_SetNameUpBuffer), (48 bytes).
    Removing segger_rtt.o(i.SEGGER_RTT_SetTerminal), (104 bytes).
    Removing segger_rtt.o(i.SEGGER_RTT_TerminalOut), (148 bytes).
    Removing segger_rtt.o(i.SEGGER_RTT_WaitKey), (12 bytes).
    Removing segger_rtt.o(i.SEGGER_RTT_Write), (36 bytes).
    Removing segger_rtt.o(i.SEGGER_RTT_WriteNoLock), (92 bytes).
    Removing segger_rtt.o(i.SEGGER_RTT_WriteSkipNoLock), (108 bytes).
    Removing segger_rtt.o(i.SEGGER_RTT_WriteString), (24 bytes).
    Removing segger_rtt.o(i._DoInit), (108 bytes).
    Removing segger_rtt.o(i._GetAvailWriteSpace), (22 bytes).
    Removing segger_rtt.o(i._PostTerminalSwitch), (32 bytes).
    Removing segger_rtt.o(i._WriteBlocking), (96 bytes).
    Removing segger_rtt.o(i._WriteNoCheck), (60 bytes).
    Removing segger_rtt.o(.bss), (1160 bytes).
    Removing segger_rtt.o(.data), (17 bytes).
    Removing softdevice_handler.o(.rev16_text), (4 bytes).
    Removing softdevice_handler.o(.revsh_text), (4 bytes).
    Removing softdevice_handler.o(i.softdevice_ble_evt_handler_set), (20 bytes).
    Removing softdevice_handler.o(i.softdevice_handler_isEnabled), (12 bytes).
    Removing softdevice_handler.o(i.softdevice_handler_sd_disable), (24 bytes).
    Removing softdevice_handler.o(i.softdevice_sys_evt_handler_set), (20 bytes).
    Removing arm_startup_nrf51.o(HEAP), (2048 bytes).
    Removing system_nrf51.o(.rev16_text), (4 bytes).
    Removing system_nrf51.o(.revsh_text), (4 bytes).
    Removing system_nrf51.o(i.SystemCoreClockUpdate), (16 bytes).
    Removing dadd.o(.text), (356 bytes).
    Removing dmul.o(.text), (208 bytes).
    Removing ddiv.o(.text), (240 bytes).
    Removing dfixul.o(.text), (64 bytes).
    Removing cdrcmple.o(.text), (40 bytes).
    Removing depilogue.o(.text), (190 bytes).
    Removing nrf_log.o(i.log_uart_write_string), (20 bytes).
    Removing nrf_log.o(i.log_uart_write_string_many), (32 bytes).
    Removing nrf_log.o(i.log_uart_has_input), (40 bytes).
    Removing depilogue.o(i.__ARM_clz), (46 bytes).

188 unused section(s) (total 11599 bytes) removed from the image.

==============================================================================

Image Symbol Table

    Local Symbols

    Symbol Name                              Value     Ov Type        Size  Object(Section)

    ../clib/microlib/division.c              0x00000000   Number         0  uidiv.o ABSOLUTE
    ../clib/microlib/division.c              0x00000000   Number         0  uldiv.o ABSOLUTE
    ../clib/microlib/init/entry.s            0x00000000   Number         0  entry5.o ABSOLUTE
    ../clib/microlib/init/entry.s            0x00000000   Number         0  entry2.o ABSOLUTE
    ../clib/microlib/init/entry.s            0x00000000   Number         0  entry7a.o ABSOLUTE
    ../clib/microlib/init/entry.s            0x00000000   Number         0  entry7b.o ABSOLUTE
    ../clib/microlib/init/entry.s            0x00000000   Number         0  entry8a.o ABSOLUTE
    ../clib/microlib/init/entry.s            0x00000000   Number         0  entry8b.o ABSOLUTE
    ../clib/microlib/init/entry.s            0x00000000   Number         0  entry9a.o ABSOLUTE
    ../clib/microlib/init/entry.s            0x00000000   Number         0  entry.o ABSOLUTE
    ../clib/microlib/init/entry.s            0x00000000   Number         0  entry9b.o ABSOLUTE
    ../clib/microlib/init/entry.s            0x00000000   Number         0  entry11b.o ABSOLUTE
    ../clib/microlib/init/entry.s            0x00000000   Number         0  entry10a.o ABSOLUTE
    ../clib/microlib/init/entry.s            0x00000000   Number         0  entry11a.o ABSOLUTE
    ../clib/microlib/init/entry.s            0x00000000   Number         0  entry10b.o ABSOLUTE
    ../clib/microlib/longlong.c              0x00000000   Number         0  llshl.o ABSOLUTE
    ../clib/microlib/longlong.c              0x00000000   Number         0  llsshr.o ABSOLUTE
    ../clib/microlib/longlong.c              0x00000000   Number         0  llushr.o ABSOLUTE
    ../clib/microlib/printf/printf.c         0x00000000   Number         0  printfa.o ABSOLUTE
    ../clib/microlib/string/memcpy.c         0x00000000   Number         0  memcpyb.o ABSOLUTE
    ../clib/microlib/string/memcpy.c         0x00000000   Number         0  memcpya.o ABSOLUTE
    ../clib/microlib/string/memset.c         0x00000000   Number         0  memseta.o ABSOLUTE
    ../clib/microlib/string/strcpy.c         0x00000000   Number         0  strcpy.o ABSOLUTE
    ../clib/microlib/string/strlen.c         0x00000000   Number         0  strlen.o ABSOLUTE
    ../clib/microlib/stubs.s                 0x00000000   Number         0  iusefp.o ABSOLUTE
    ../fplib/microlib/fpadd.c                0x00000000   Number         0  dadd.o ABSOLUTE
    ../fplib/microlib/fpdiv.c                0x00000000   Number         0  ddiv.o ABSOLUTE
    ../fplib/microlib/fpepilogue.c           0x00000000   Number         0  depilogue.o ABSOLUTE
    ../fplib/microlib/fpfix.c                0x00000000   Number         0  dfixul.o ABSOLUTE
    ../fplib/microlib/fpmul.c                0x00000000   Number         0  dmul.o ABSOLUTE
    ..\..\..\..\..\..\components\ble\common\ble_advdata.c 0x00000000   Number         0  ble_advdata.o ABSOLUTE
    ..\..\..\..\..\..\components\ble\common\ble_conn_params.c 0x00000000   Number         0  ble_conn_params.o ABSOLUTE
    ..\..\..\..\..\..\components\ble\common\ble_srv_common.c 0x00000000   Number         0  ble_srv_common.o ABSOLUTE
    ..\..\..\..\..\..\components\drivers_nrf\common\nrf_drv_common.c 0x00000000   Number         0  nrf_drv_common.o ABSOLUTE
    ..\..\..\..\..\..\components\drivers_nrf\delay\nrf_delay.c 0x00000000   Number         0  nrf_delay.o ABSOLUTE
    ..\..\..\..\..\..\components\drivers_nrf\gpiote\nrf_drv_gpiote.c 0x00000000   Number         0  nrf_drv_gpiote.o ABSOLUTE
    ..\..\..\..\..\..\components\drivers_nrf\uart\nrf_drv_uart.c 0x00000000   Number         0  nrf_drv_uart.o ABSOLUTE
    ..\..\..\..\..\..\components\libraries\button\app_button.c 0x00000000   Number         0  app_button.o ABSOLUTE
    ..\..\..\..\..\..\components\libraries\fifo\app_fifo.c 0x00000000   Number         0  app_fifo.o ABSOLUTE
    ..\..\..\..\..\..\components\libraries\timer\app_timer.c 0x00000000   Number         0  app_timer.o ABSOLUTE
    ..\..\..\..\..\..\components\libraries\uart\app_uart_fifo.c 0x00000000   Number         0  app_uart_fifo.o ABSOLUTE
    ..\..\..\..\..\..\components\libraries\uart\retarget.c 0x00000000   Number         0  retarget.o ABSOLUTE
    ..\..\..\..\..\..\components\libraries\util\app_error.c 0x00000000   Number         0  app_error.o ABSOLUTE
    ..\..\..\..\..\..\components\libraries\util\app_error_weak.c 0x00000000   Number         0  app_error_weak.o ABSOLUTE
    ..\..\..\..\..\..\components\libraries\util\app_util_platform.c 0x00000000   Number         0  app_util_platform.o ABSOLUTE
    ..\..\..\..\..\..\components\libraries\util\nrf_assert.c 0x00000000   Number         0  nrf_assert.o ABSOLUTE
    ..\..\..\..\..\..\components\libraries\util\nrf_log.c 0x00000000   Number         0  nrf_log.o ABSOLUTE
    ..\..\..\..\..\..\components\softdevice\common\softdevice_handler\softdevice_handler.c 0x00000000   Number         0  softdevice_handler.o ABSOLUTE
    ..\..\..\..\..\..\external\segger_rtt\RTT_Syscalls_KEIL.c 0x00000000   Number         0  rtt_syscalls_keil.o ABSOLUTE
    ..\..\..\..\..\..\external\segger_rtt\SEGGER_RTT.c 0x00000000   Number         0  segger_rtt.o ABSOLUTE
    ..\..\..\..\..\..\external\segger_rtt\SEGGER_RTT_printf.c 0x00000000   Number         0  segger_rtt_printf.o ABSOLUTE
    ..\..\..\..\..\bsp\bsp.c                 0x00000000   Number         0  bsp.o ABSOLUTE
    ..\..\..\app_led.c                       0x00000000   Number         0  app_led.o ABSOLUTE
    ..\..\..\main.c                          0x00000000   Number         0  main.o ABSOLUTE
    ..\\..\\..\\..\\..\\..\\components\\ble\\common\\ble_advdata.c 0x00000000   Number         0  ble_advdata.o ABSOLUTE
    ..\\..\\..\\..\\..\\..\\components\\ble\\common\\ble_conn_params.c 0x00000000   Number         0  ble_conn_params.o ABSOLUTE
    ..\\..\\..\\..\\..\\..\\components\\ble\\common\\ble_srv_common.c 0x00000000   Number         0  ble_srv_common.o ABSOLUTE
    ..\\..\\..\\..\\..\\..\\components\\drivers_nrf\\common\\nrf_drv_common.c 0x00000000   Number         0  nrf_drv_common.o ABSOLUTE
    ..\\..\\..\\..\\..\\..\\components\\drivers_nrf\\delay\\nrf_delay.c 0x00000000   Number         0  nrf_delay.o ABSOLUTE
    ..\\..\\..\\..\\..\\..\\components\\drivers_nrf\\gpiote\\nrf_drv_gpiote.c 0x00000000   Number         0  nrf_drv_gpiote.o ABSOLUTE
    ..\\..\\..\\..\\..\\..\\components\\drivers_nrf\\uart\\nrf_drv_uart.c 0x00000000   Number         0  nrf_drv_uart.o ABSOLUTE
    ..\\..\\..\\..\\..\\..\\components\\libraries\\button\\app_button.c 0x00000000   Number         0  app_button.o ABSOLUTE
    ..\\..\\..\\..\\..\\..\\components\\libraries\\fifo\\app_fifo.c 0x00000000   Number         0  app_fifo.o ABSOLUTE
    ..\\..\\..\\..\\..\\..\\components\\libraries\\timer\\app_timer.c 0x00000000   Number         0  app_timer.o ABSOLUTE
    ..\\..\\..\\..\\..\\..\\components\\libraries\\uart\\app_uart_fifo.c 0x00000000   Number         0  app_uart_fifo.o ABSOLUTE
    ..\\..\\..\\..\\..\\..\\components\\libraries\\uart\\retarget.c 0x00000000   Number         0  retarget.o ABSOLUTE
    ..\\..\\..\\..\\..\\..\\components\\libraries\\util\\app_error.c 0x00000000   Number         0  app_error.o ABSOLUTE
    ..\\..\\..\\..\\..\\..\\components\\libraries\\util\\app_error_weak.c 0x00000000   Number         0  app_error_weak.o ABSOLUTE
    ..\\..\\..\\..\\..\\..\\components\\libraries\\util\\app_util_platform.c 0x00000000   Number         0  app_util_platform.o ABSOLUTE
    ..\\..\\..\\..\\..\\..\\components\\libraries\\util\\nrf_assert.c 0x00000000   Number         0  nrf_assert.o ABSOLUTE
    ..\\..\\..\\..\\..\\..\\components\\libraries\\util\\nrf_log.c 0x00000000   Number         0  nrf_log.o ABSOLUTE
    ..\\..\\..\\..\\..\\..\\components\\softdevice\\common\\softdevice_handler\\softdevice_handler.c 0x00000000   Number         0  softdevice_handler.o ABSOLUTE
    ..\\..\\..\\..\\..\\bsp\\bsp.c           0x00000000   Number         0  bsp.o ABSOLUTE
    ..\\..\\..\\app_led.c                    0x00000000   Number         0  app_led.o ABSOLUTE
    ..\\..\\..\\main.c                       0x00000000   Number         0  main.o ABSOLUTE
    RTE\Device\nRF51822_xxAA\arm_startup_nrf51.s 0x00000000   Number         0  arm_startup_nrf51.o ABSOLUTE
    RTE\Device\nRF51822_xxAA\system_nrf51.c  0x00000000   Number         0  system_nrf51.o ABSOLUTE
    RTE\\Device\\nRF51822_xxAA\\system_nrf51.c 0x00000000   Number         0  system_nrf51.o ABSOLUTE
    cdrcmple.s                               0x00000000   Number         0  cdrcmple.o ABSOLUTE
    dc.s                                     0x00000000   Number         0  dc.o ABSOLUTE
    handlers.s                               0x00000000   Number         0  handlers.o ABSOLUTE
    init.s                                   0x00000000   Number         0  init.o ABSOLUTE
    RESET                                    0x0001b000   Section      192  arm_startup_nrf51.o(RESET)
    .ARM.Collect$$$$00000000                 0x0001b0c0   Section        0  entry.o(.ARM.Collect$$$$00000000)
    .ARM.Collect$$$$00000001                 0x0001b0c0   Section        4  entry2.o(.ARM.Collect$$$$00000001)
    .ARM.Collect$$$$00000004                 0x0001b0c4   Section        4  entry5.o(.ARM.Collect$$$$00000004)
    .ARM.Collect$$$$00000008                 0x0001b0c8   Section        0  entry7b.o(.ARM.Collect$$$$00000008)
    .ARM.Collect$$$$0000000A                 0x0001b0c8   Section        0  entry8b.o(.ARM.Collect$$$$0000000A)
    .ARM.Collect$$$$0000000B                 0x0001b0c8   Section        8  entry9a.o(.ARM.Collect$$$$0000000B)
    .ARM.Collect$$$$0000000D                 0x0001b0d0   Section        0  entry10a.o(.ARM.Collect$$$$0000000D)
    .ARM.Collect$$$$0000000F                 0x0001b0d0   Section        0  entry11a.o(.ARM.Collect$$$$0000000F)
    .ARM.Collect$$$$00002712                 0x0001b0d0   Section        4  entry2.o(.ARM.Collect$$$$00002712)
    __lit__00000000                          0x0001b0d0   Data           4  entry2.o(.ARM.Collect$$$$00002712)
    .emb_text                                0x0001b0d4   Section       30  nrf_delay.o(.emb_text)
    .emb_text                                0x0001b0f4   Section       30  app_timer.o(.emb_text)
    .text                                    0x0001b114   Section       56  arm_startup_nrf51.o(.text)
    .text                                    0x0001b14c   Section        0  uidiv.o(.text)
    .text                                    0x0001b178   Section        0  memcpya.o(.text)
    .text                                    0x0001b19c   Section        0  memseta.o(.text)
    .text                                    0x0001b1c0   Section       36  init.o(.text)
    i.GPIOTE_IRQHandler                      0x0001b1e4   Section        0  nrf_drv_gpiote.o(i.GPIOTE_IRQHandler)
    i.NVIC_SetPriority                       0x0001b338   Section        0  app_timer.o(i.NVIC_SetPriority)
    NVIC_SetPriority                         0x0001b339   Thumb Code    60  app_timer.o(i.NVIC_SetPriority)
    i.RTC1_IRQHandler                        0x0001b37c   Section        0  app_timer.o(i.RTC1_IRQHandler)
    i.SWI0_IRQHandler                        0x0001b39c   Section        0  app_timer.o(i.SWI0_IRQHandler)
    i.SWI2_IRQHandler                        0x0001b3a4   Section        0  softdevice_handler.o(i.SWI2_IRQHandler)
    i.SystemInit                             0x0001b3c4   Section        0  system_nrf51.o(i.SystemInit)
    i.UART0_IRQHandler                       0x0001b464   Section        0  nrf_drv_uart.o(i.UART0_IRQHandler)
    i.__ARM_common_switch8                   0x0001b46c   Section        0  bsp.o(i.__ARM_common_switch8)
    i.__scatterload_copy                     0x0001b486   Section       14  handlers.o(i.__scatterload_copy)
    i.__scatterload_null                     0x0001b494   Section        2  handlers.o(i.__scatterload_null)
    i.__scatterload_zeroinit                 0x0001b496   Section       14  handlers.o(i.__scatterload_zeroinit)
    i.adv_data_encode                        0x0001b4a4   Section        0  ble_advdata.o(i.adv_data_encode)
    i.advertising_init                       0x0001b6bc   Section        0  main.o(i.advertising_init)
    advertising_init                         0x0001b6bd   Thumb Code   108  main.o(i.advertising_init)
    i.alert_timer_handler                    0x0001b738   Section        0  bsp.o(i.alert_timer_handler)
    alert_timer_handler                      0x0001b739   Thumb Code    20  bsp.o(i.alert_timer_handler)
    i.app_button_enable                      0x0001b750   Section        0  app_button.o(i.app_button_enable)
    i.app_button_init                        0x0001b774   Section        0  app_button.o(i.app_button_init)
    i.app_error_fault_handler                0x0001b7e8   Section        0  app_error_weak.o(i.app_error_fault_handler)
    i.app_error_handler_bare                 0x0001b804   Section        0  app_error.o(i.app_error_handler_bare)
    i.app_timer_create                       0x0001b81c   Section        0  app_timer.o(i.app_timer_create)
    i.app_timer_init                         0x0001b84c   Section        0  app_timer.o(i.app_timer_init)
    i.app_timer_start                        0x0001b8dc   Section        0  app_timer.o(i.app_timer_start)
    i.app_timer_stop                         0x0001b958   Section        0  app_timer.o(i.app_timer_stop)
    i.ble_advdata_set                        0x0001b9ac   Section        0  ble_advdata.o(i.ble_advdata_set)
    i.ble_device_addr_encode                 0x0001ba14   Section        0  ble_advdata.o(i.ble_device_addr_encode)
    ble_device_addr_encode                   0x0001ba15   Thumb Code    94  ble_advdata.o(i.ble_device_addr_encode)
    i.bsp_button_event_handler               0x0001ba74   Section        0  bsp.o(i.bsp_button_event_handler)
    bsp_button_event_handler                 0x0001ba75   Thumb Code   154  bsp.o(i.bsp_button_event_handler)
    i.bsp_event_to_button_action_assign      0x0001bb18   Section        0  bsp.o(i.bsp_event_to_button_action_assign)
    i.bsp_indication_set                     0x0001bb60   Section        0  bsp.o(i.bsp_indication_set)
    i.bsp_init                               0x0001bb7c   Section        0  bsp.o(i.bsp_init)
    i.bsp_led_indication                     0x0001bc1c   Section        0  bsp.o(i.bsp_led_indication)
    bsp_led_indication                       0x0001bc1d   Thumb Code   474  bsp.o(i.bsp_led_indication)
    i.button_timer_handler                   0x0001be04   Section        0  bsp.o(i.button_timer_handler)
    button_timer_handler                     0x0001be05   Thumb Code    12  bsp.o(i.button_timer_handler)
    i.channel_free                           0x0001be10   Section        0  nrf_drv_gpiote.o(i.channel_free)
    channel_free                             0x0001be11   Thumb Code    22  nrf_drv_gpiote.o(i.channel_free)
    i.channel_port_alloc                     0x0001be2c   Section        0  nrf_drv_gpiote.o(i.channel_port_alloc)
    channel_port_alloc                       0x0001be2d   Thumb Code    66  nrf_drv_gpiote.o(i.channel_port_alloc)
    i.channel_port_get                       0x0001be74   Section        0  nrf_drv_gpiote.o(i.channel_port_get)
    channel_port_get                         0x0001be75   Thumb Code    10  nrf_drv_gpiote.o(i.channel_port_get)
    i.compare_reg_update                     0x0001be84   Section        0  app_timer.o(i.compare_reg_update)
    compare_reg_update                       0x0001be85   Thumb Code   142  app_timer.o(i.compare_reg_update)
    i.conn_int_encode                        0x0001bf2c   Section        0  ble_advdata.o(i.conn_int_encode)
    conn_int_encode                          0x0001bf2d   Thumb Code   130  ble_advdata.o(i.conn_int_encode)
    i.detection_delay_timeout_handler        0x0001bfb4   Section        0  app_button.o(i.detection_delay_timeout_handler)
    detection_delay_timeout_handler          0x0001bfb5   Thumb Code    90  app_button.o(i.detection_delay_timeout_handler)
    i.elapsed_ticks_acquire                  0x0001c014   Section        0  app_timer.o(i.elapsed_ticks_acquire)
    elapsed_ticks_acquire                    0x0001c015   Thumb Code    58  app_timer.o(i.elapsed_ticks_acquire)
    i.gpiote_event_handler                   0x0001c054   Section        0  app_button.o(i.gpiote_event_handler)
    gpiote_event_handler                     0x0001c055   Thumb Code    72  app_button.o(i.gpiote_event_handler)
    i.intern_softdevice_events_execute       0x0001c0a4   Section        0  softdevice_handler.o(i.intern_softdevice_events_execute)
    i.is_manual_peripheral_setup_needed      0x0001c11c   Section        0  system_nrf51.o(i.is_manual_peripheral_setup_needed)
    is_manual_peripheral_setup_needed        0x0001c11d   Thumb Code    66  system_nrf51.o(i.is_manual_peripheral_setup_needed)
    i.le_role_encode                         0x0001c164   Section        0  ble_advdata.o(i.le_role_encode)
    le_role_encode                           0x0001c165   Thumb Code    84  ble_advdata.o(i.le_role_encode)
    i.led_init                               0x0001c1b8   Section        0  app_led.o(i.led_init)
    i.led_off                                0x0001c1c8   Section        0  app_led.o(i.led_off)
    i.led_on                                 0x0001c1d8   Section        0  app_led.o(i.led_on)
    i.leds_timer_handler                     0x0001c1e8   Section        0  bsp.o(i.leds_timer_handler)
    leds_timer_handler                       0x0001c1e9   Thumb Code    18  bsp.o(i.leds_timer_handler)
    i.ledtogle                               0x0001c200   Section        0  main.o(i.ledtogle)
    i.list_deletions_handler                 0x0001c218   Section        0  app_timer.o(i.list_deletions_handler)
    list_deletions_handler                   0x0001c219   Thumb Code   180  app_timer.o(i.list_deletions_handler)
    i.list_insertions_handler                0x0001c2d4   Section        0  app_timer.o(i.list_insertions_handler)
    list_insertions_handler                  0x0001c2d5   Thumb Code   202  app_timer.o(i.list_insertions_handler)
    i.main                                   0x0001c3a8   Section        0  main.o(i.main)
    i.manuf_specific_data_encode             0x0001c474   Section        0  ble_advdata.o(i.manuf_specific_data_encode)
    manuf_specific_data_encode               0x0001c475   Thumb Code   104  ble_advdata.o(i.manuf_specific_data_encode)
    i.name_encode                            0x0001c4dc   Section        0  ble_advdata.o(i.name_encode)
    name_encode                              0x0001c4dd   Thumb Code   158  ble_advdata.o(i.name_encode)
    i.nrf_delay_ms                           0x0001c57c   Section        0  nrf_delay.o(i.nrf_delay_ms)
    i.nrf_drv_common_irq_enable              0x0001c598   Section        0  nrf_drv_common.o(i.nrf_drv_common_irq_enable)
    i.nrf_drv_gpiote_in_event_enable         0x0001c5f8   Section        0  nrf_drv_gpiote.o(i.nrf_drv_gpiote_in_event_enable)
    i.nrf_drv_gpiote_in_init                 0x0001c698   Section        0  nrf_drv_gpiote.o(i.nrf_drv_gpiote_in_init)
    i.nrf_drv_gpiote_in_is_set               0x0001c73c   Section        0  nrf_drv_gpiote.o(i.nrf_drv_gpiote_in_is_set)
    i.nrf_drv_gpiote_init                    0x0001c750   Section        0  nrf_drv_gpiote.o(i.nrf_drv_gpiote_init)
    i.nrf_drv_gpiote_is_init                 0x0001c7a4   Section        0  nrf_drv_gpiote.o(i.nrf_drv_gpiote_is_init)
    i.nrf_gpio_cfg                           0x0001c7b4   Section        0  nrf_drv_gpiote.o(i.nrf_gpio_cfg)
    nrf_gpio_cfg                             0x0001c7b5   Thumb Code    32  nrf_drv_gpiote.o(i.nrf_gpio_cfg)
    i.nrf_gpio_cfg_output                    0x0001c7d8   Section        0  app_led.o(i.nrf_gpio_cfg_output)
    nrf_gpio_cfg_output                      0x0001c7d9   Thumb Code    12  app_led.o(i.nrf_gpio_cfg_output)
    i.nrf_gpio_cfg_sense_set                 0x0001c7e8   Section        0  nrf_drv_gpiote.o(i.nrf_gpio_cfg_sense_set)
    nrf_gpio_cfg_sense_set                   0x0001c7e9   Thumb Code    26  nrf_drv_gpiote.o(i.nrf_gpio_cfg_sense_set)
    i.nrf_gpiote_event_is_set                0x0001c808   Section        0  nrf_drv_gpiote.o(i.nrf_gpiote_event_is_set)
    nrf_gpiote_event_is_set                  0x0001c809   Thumb Code    14  nrf_drv_gpiote.o(i.nrf_gpiote_event_is_set)
    i.nrf_uart_event_check                   0x0001c81c   Section        0  nrf_drv_uart.o(i.nrf_uart_event_check)
    nrf_uart_event_check                     0x0001c81d   Thumb Code    10  nrf_drv_uart.o(i.nrf_uart_event_check)
    i.nrf_uart_int_enable_check              0x0001c826   Section        0  nrf_drv_uart.o(i.nrf_uart_int_enable_check)
    nrf_uart_int_enable_check                0x0001c827   Thumb Code    16  nrf_drv_uart.o(i.nrf_uart_int_enable_check)
    i.pin_in_use_by_port                     0x0001c838   Section        0  nrf_drv_gpiote.o(i.pin_in_use_by_port)
    pin_in_use_by_port                       0x0001c839   Thumb Code    20  nrf_drv_gpiote.o(i.pin_in_use_by_port)
    i.pin_in_use_by_te                       0x0001c850   Section        0  nrf_drv_gpiote.o(i.pin_in_use_by_te)
    pin_in_use_by_te                         0x0001c851   Thumb Code    20  nrf_drv_gpiote.o(i.pin_in_use_by_te)
    i.rtc1_stop                              0x0001c868   Section        0  app_timer.o(i.rtc1_stop)
    rtc1_stop                                0x0001c869   Thumb Code    50  app_timer.o(i.rtc1_stop)
    i.rx_byte                                0x0001c8ac   Section        0  nrf_drv_uart.o(i.rx_byte)
    rx_byte                                  0x0001c8ad   Thumb Code    42  nrf_drv_uart.o(i.rx_byte)
    i.rx_done_event                          0x0001c8e4   Section        0  nrf_drv_uart.o(i.rx_done_event)
    rx_done_event                            0x0001c8e5   Thumb Code    22  nrf_drv_uart.o(i.rx_done_event)
    i.sd_check_ram_start                     0x0001c900   Section        0  softdevice_handler.o(i.sd_check_ram_start)
    i.sd_nvic_EnableIRQ                      0x0001c910   Section        0  softdevice_handler.o(i.sd_nvic_EnableIRQ)
    sd_nvic_EnableIRQ                        0x0001c911   Thumb Code   116  softdevice_handler.o(i.sd_nvic_EnableIRQ)
    i.service_data_encode                    0x0001c99c   Section        0  ble_advdata.o(i.service_data_encode)
    service_data_encode                      0x0001c99d   Thumb Code   142  ble_advdata.o(i.service_data_encode)
    i.softdevice_enable                      0x0001ca2c   Section        0  softdevice_handler.o(i.softdevice_enable)
    i.softdevice_enable_get_default_config   0x0001ca40   Section        0  softdevice_handler.o(i.softdevice_enable_get_default_config)
    i.softdevice_fault_handler               0x0001ca68   Section        0  softdevice_handler.o(i.softdevice_fault_handler)
    i.softdevice_handler_init                0x0001ca70   Section        0  softdevice_handler.o(i.softdevice_handler_init)
    i.timer_list_handler                     0x0001caa4   Section        0  app_timer.o(i.timer_list_handler)
    timer_list_handler                       0x0001caa5   Thumb Code   128  app_timer.o(i.timer_list_handler)
    i.timer_list_handler_sched               0x0001cb28   Section        0  app_timer.o(i.timer_list_handler_sched)
    timer_list_handler_sched                 0x0001cb29   Thumb Code    10  app_timer.o(i.timer_list_handler_sched)
    i.timer_list_insert                      0x0001cb38   Section        0  app_timer.o(i.timer_list_insert)
    timer_list_insert                        0x0001cb39   Thumb Code    60  app_timer.o(i.timer_list_insert)
    i.timer_timeouts_check                   0x0001cb78   Section        0  app_timer.o(i.timer_timeouts_check)
    timer_timeouts_check                     0x0001cb79   Thumb Code   118  app_timer.o(i.timer_timeouts_check)
    i.tx_byte                                0x0001cbf8   Section        0  nrf_drv_uart.o(i.tx_byte)
    tx_byte                                  0x0001cbf9   Thumb Code    30  nrf_drv_uart.o(i.tx_byte)
    i.tx_done_event                          0x0001cc24   Section        0  nrf_drv_uart.o(i.tx_done_event)
    tx_done_event                            0x0001cc25   Thumb Code    26  nrf_drv_uart.o(i.tx_done_event)
    i.uart_irq_handler                       0x0001cc44   Section        0  nrf_drv_uart.o(i.uart_irq_handler)
    uart_irq_handler                         0x0001cc45   Thumb Code   278  nrf_drv_uart.o(i.uart_irq_handler)
    i.uint16_encode                          0x0001cd6c   Section        0  ble_advdata.o(i.uint16_encode)
    uint16_encode                            0x0001cd6d   Thumb Code    10  ble_advdata.o(i.uint16_encode)
    i.update_adv_data                        0x0001cd78   Section        0  main.o(i.update_adv_data)
    i.user_id_get                            0x0001cdac   Section        0  app_timer.o(i.user_id_get)
    user_id_get                              0x0001cdad   Thumb Code    76  app_timer.o(i.user_id_get)
    i.user_op_alloc                          0x0001ce00   Section        0  app_timer.o(i.user_op_alloc)
    user_op_alloc                            0x0001ce01   Thumb Code    38  app_timer.o(i.user_op_alloc)
    i.uuid_list_encode                       0x0001ce26   Section        0  ble_advdata.o(i.uuid_list_encode)
    uuid_list_encode                         0x0001ce27   Thumb Code    48  ble_advdata.o(i.uuid_list_encode)
    i.uuid_list_sized_encode                 0x0001ce56   Section        0  ble_advdata.o(i.uuid_list_sized_encode)
    uuid_list_sized_encode                   0x0001ce57   Thumb Code   174  ble_advdata.o(i.uuid_list_sized_encode)
    .constdata                               0x0001cf04   Section        4  main.o(.constdata)
    .constdata                               0x0001cf08   Section       36  bsp.o(.constdata)
    m_leds_timer_id                          0x0001cf08   Data           4  bsp.o(.constdata)
    m_alert_timer_id                         0x0001cf0c   Data           4  bsp.o(.constdata)
    m_button_timer_id                        0x0001cf10   Data           4  bsp.o(.constdata)
    m_buttons_list                           0x0001cf14   Data           8  bsp.o(.constdata)
    app_buttons                              0x0001cf1c   Data          16  bsp.o(.constdata)
    .constdata                               0x0001cf2c   Section        8  app_button.o(.constdata)
    m_detection_delay_timer_id               0x0001cf2c   Data           4  app_button.o(.constdata)
    .data                                    0x20001870   Section       15  main.o(.data)
    m_beacon_info                            0x20001870   Data          15  main.o(.data)
    .data                                    0x20001880   Section       26  bsp.o(.data)
    m_stable_state                           0x20001880   Data           1  bsp.o(.data)
    current_long_push_pin_no                 0x20001881   Data           1  bsp.o(.data)
    release_event_at_push                    0x20001882   Data           2  bsp.o(.data)
    m_app_ticks_per_100ms                    0x20001884   Data           4  bsp.o(.data)
    m_indication_type                        0x20001888   Data           4  bsp.o(.data)
    m_alert_mask                             0x2000188c   Data           4  bsp.o(.data)
    m_registered_callback                    0x20001890   Data           4  bsp.o(.data)
    m_events_list                            0x20001894   Data           6  bsp.o(.data)
    .data                                    0x2000189c   Section       20  app_button.o(.data)
    m_button_count                           0x2000189c   Data           1  app_button.o(.data)
    mp_buttons                               0x200018a0   Data           4  app_button.o(.data)
    m_detection_delay                        0x200018a4   Data           4  app_button.o(.data)
    m_pin_state                              0x200018a8   Data           4  app_button.o(.data)
    m_pin_transition                         0x200018ac   Data           4  app_button.o(.data)
    .data                                    0x200018b0   Section       32  app_timer.o(.data)
    m_user_array_size                        0x200018b0   Data           1  app_timer.o(.data)
    m_ticks_elapsed_q_read_ind               0x200018b1   Data           1  app_timer.o(.data)
    m_ticks_elapsed_q_write_ind              0x200018b2   Data           1  app_timer.o(.data)
    m_rtc1_running                           0x200018b3   Data           1  app_timer.o(.data)
    m_rtc1_reset                             0x200018b4   Data           1  app_timer.o(.data)
    mp_users                                 0x200018b8   Data           4  app_timer.o(.data)
    mp_timer_id_head                         0x200018bc   Data           4  app_timer.o(.data)
    m_ticks_latest                           0x200018c0   Data           4  app_timer.o(.data)
    m_evt_schedule_func                      0x200018c4   Data           4  app_timer.o(.data)
    m_ticks_elapsed                          0x200018c8   Data           8  app_timer.o(.data)
    .data                                    0x200018d0   Section       28  softdevice_handler.o(.data)
    m_softdevice_enabled                     0x200018d0   Data           1  softdevice_handler.o(.data)
    m_ble_evt_buffer_size                    0x200018d2   Data           2  softdevice_handler.o(.data)
    m_evt_schedule_func                      0x200018d4   Data           4  softdevice_handler.o(.data)
    mp_ble_evt_buffer                        0x200018d8   Data           4  softdevice_handler.o(.data)
    m_ble_evt_handler                        0x200018dc   Data           4  softdevice_handler.o(.data)
    m_sys_evt_handler                        0x200018e0   Data           4  softdevice_handler.o(.data)
    .data                                    0x200018ec   Section        4  system_nrf51.o(.data)
    __tagsym$$used                           0x200018ec   Number         0  system_nrf51.o(.data)
    .bss                                     0x200018f0   Section      552  main.o(.bss)
    BLE_EVT_BUFFER                           0x200018f0   Data          72  main.o(.bss)
    APP_TIMER_BUF                            0x20001938   Data         456  main.o(.bss)
    m_adv_params                             0x20001b00   Data          24  main.o(.bss)
    .bss                                     0x20001b18   Section       32  bsp.o(.bss)
    m_leds_timer_id_data                     0x20001b18   Data          32  bsp.o(.bss)
    .bss                                     0x20001b38   Section       32  bsp.o(.bss)
    m_alert_timer_id_data                    0x20001b38   Data          32  bsp.o(.bss)
    .bss                                     0x20001b58   Section       32  bsp.o(.bss)
    m_button_timer_id_data                   0x20001b58   Data          32  bsp.o(.bss)
    .bss                                     0x20001b78   Section       72  nrf_drv_gpiote.o(.bss)
    m_cb                                     0x20001b78   Data          72  nrf_drv_gpiote.o(.bss)
    .bss                                     0x20001bc0   Section       28  nrf_drv_uart.o(.bss)
    m_cb                                     0x20001bc0   Data          28  nrf_drv_uart.o(.bss)
    .bss                                     0x20001bdc   Section       32  app_button.o(.bss)
    m_detection_delay_timer_id_data          0x20001bdc   Data          32  app_button.o(.bss)
    STACK                                    0x20001c00   Section     2048  arm_startup_nrf51.o(STACK)

    Global Symbols

    Symbol Name                              Value     Ov Type        Size  Object(Section)

    BuildAttributes$$THM_ISAv3M$S$PE$A:L22$X:L11$S22$IEEE1$IW$USESV6$~STKCKD$USESV7$~SHL$OSPACE$ROPI$EBA8$MICROLIB$REQ8$PRES8$EABIv2 0x00000000   Number         0  anon$$obj.o ABSOLUTE
    __ARM_use_no_argv                        0x00000000   Number         0  main.o ABSOLUTE
    __cpp_initialize__aeabi_                  - Undefined Weak Reference
    __cxa_finalize                            - Undefined Weak Reference
    __decompress                              - Undefined Weak Reference
    _clock_init                               - Undefined Weak Reference
    _microlib_exit                            - Undefined Weak Reference
    __Vectors_Size                           0x000000c0   Number         0  arm_startup_nrf51.o ABSOLUTE
    __Vectors                                0x0001b000   Data           4  arm_startup_nrf51.o(RESET)
    __Vectors_End                            0x0001b0c0   Data           0  arm_startup_nrf51.o(RESET)
    __main                                   0x0001b0c1   Thumb Code     0  entry.o(.ARM.Collect$$$$00000000)
    _main_stk                                0x0001b0c1   Thumb Code     0  entry2.o(.ARM.Collect$$$$00000001)
    _main_scatterload                        0x0001b0c5   Thumb Code     0  entry5.o(.ARM.Collect$$$$00000004)
    __main_after_scatterload                 0x0001b0c9   Thumb Code     0  entry5.o(.ARM.Collect$$$$00000004)
    _main_clock                              0x0001b0c9   Thumb Code     0  entry7b.o(.ARM.Collect$$$$00000008)
    _main_cpp_init                           0x0001b0c9   Thumb Code     0  entry8b.o(.ARM.Collect$$$$0000000A)
    _main_init                               0x0001b0c9   Thumb Code     0  entry9a.o(.ARM.Collect$$$$0000000B)
    __rt_final_cpp                           0x0001b0d1   Thumb Code     0  entry10a.o(.ARM.Collect$$$$0000000D)
    __rt_final_exit                          0x0001b0d1   Thumb Code     0  entry11a.o(.ARM.Collect$$$$0000000F)
    __asm___11_nrf_delay_c_532987f3__nrf_delay_us 0x0001b0d5   Thumb Code    30  nrf_delay.o(.emb_text)
    __asm___11_app_timer_c_cd27f9c3__nrf_delay_us 0x0001b0f5   Thumb Code    30  app_timer.o(.emb_text)
    Reset_Handler                            0x0001b115   Thumb Code    26  arm_startup_nrf51.o(.text)
    NMI_Handler                              0x0001b12f   Thumb Code     2  arm_startup_nrf51.o(.text)
    HardFault_Handler                        0x0001b131   Thumb Code     2  arm_startup_nrf51.o(.text)
    SVC_Handler                              0x0001b133   Thumb Code     2  arm_startup_nrf51.o(.text)
    PendSV_Handler                           0x0001b135   Thumb Code     2  arm_startup_nrf51.o(.text)
    SysTick_Handler                          0x0001b137   Thumb Code     2  arm_startup_nrf51.o(.text)
    ADC_IRQHandler                           0x0001b139   Thumb Code     0  arm_startup_nrf51.o(.text)
    CCM_AAR_IRQHandler                       0x0001b139   Thumb Code     0  arm_startup_nrf51.o(.text)
    ECB_IRQHandler                           0x0001b139   Thumb Code     0  arm_startup_nrf51.o(.text)
    LPCOMP_IRQHandler                        0x0001b139   Thumb Code     0  arm_startup_nrf51.o(.text)
    POWER_CLOCK_IRQHandler                   0x0001b139   Thumb Code     0  arm_startup_nrf51.o(.text)
    QDEC_IRQHandler                          0x0001b139   Thumb Code     0  arm_startup_nrf51.o(.text)
    RADIO_IRQHandler                         0x0001b139   Thumb Code     0  arm_startup_nrf51.o(.text)
    RNG_IRQHandler                           0x0001b139   Thumb Code     0  arm_startup_nrf51.o(.text)
    RTC0_IRQHandler                          0x0001b139   Thumb Code     0  arm_startup_nrf51.o(.text)
    SPI0_TWI0_IRQHandler                     0x0001b139   Thumb Code     0  arm_startup_nrf51.o(.text)
    SPI1_TWI1_IRQHandler                     0x0001b139   Thumb Code     0  arm_startup_nrf51.o(.text)
    SWI1_IRQHandler                          0x0001b139   Thumb Code     0  arm_startup_nrf51.o(.text)
    SWI3_IRQHandler                          0x0001b139   Thumb Code     0  arm_startup_nrf51.o(.text)
    SWI4_IRQHandler                          0x0001b139   Thumb Code     0  arm_startup_nrf51.o(.text)
    SWI5_IRQHandler                          0x0001b139   Thumb Code     0  arm_startup_nrf51.o(.text)
    TEMP_IRQHandler                          0x0001b139   Thumb Code     0  arm_startup_nrf51.o(.text)
    TIMER0_IRQHandler                        0x0001b139   Thumb Code     0  arm_startup_nrf51.o(.text)
    TIMER1_IRQHandler                        0x0001b139   Thumb Code     0  arm_startup_nrf51.o(.text)
    TIMER2_IRQHandler                        0x0001b139   Thumb Code     0  arm_startup_nrf51.o(.text)
    WDT_IRQHandler                           0x0001b139   Thumb Code     0  arm_startup_nrf51.o(.text)
    __aeabi_uidiv                            0x0001b14d   Thumb Code     0  uidiv.o(.text)
    __aeabi_uidivmod                         0x0001b14d   Thumb Code    44  uidiv.o(.text)
    __aeabi_memcpy                           0x0001b179   Thumb Code    36  memcpya.o(.text)
    __aeabi_memcpy4                          0x0001b179   Thumb Code     0  memcpya.o(.text)
    __aeabi_memcpy8                          0x0001b179   Thumb Code     0  memcpya.o(.text)
    __aeabi_memset                           0x0001b19d   Thumb Code    14  memseta.o(.text)
    __aeabi_memset4                          0x0001b19d   Thumb Code     0  memseta.o(.text)
    __aeabi_memset8                          0x0001b19d   Thumb Code     0  memseta.o(.text)
    __aeabi_memclr                           0x0001b1ab   Thumb Code     4  memseta.o(.text)
    __aeabi_memclr4                          0x0001b1ab   Thumb Code     0  memseta.o(.text)
    __aeabi_memclr8                          0x0001b1ab   Thumb Code     0  memseta.o(.text)
    _memset$wrapper                          0x0001b1af   Thumb Code    18  memseta.o(.text)
    __scatterload                            0x0001b1c1   Thumb Code    28  init.o(.text)
    __scatterload_rt2                        0x0001b1c1   Thumb Code     0  init.o(.text)
    GPIOTE_IRQHandler                        0x0001b1e5   Thumb Code   312  nrf_drv_gpiote.o(i.GPIOTE_IRQHandler)
    RTC1_IRQHandler                          0x0001b37d   Thumb Code    28  app_timer.o(i.RTC1_IRQHandler)
    SWI0_IRQHandler                          0x0001b39d   Thumb Code     8  app_timer.o(i.SWI0_IRQHandler)
    SWI2_IRQHandler                          0x0001b3a5   Thumb Code    28  softdevice_handler.o(i.SWI2_IRQHandler)
    SystemInit                               0x0001b3c5   Thumb Code   130  system_nrf51.o(i.SystemInit)
    UART0_IRQHandler                         0x0001b465   Thumb Code     8  nrf_drv_uart.o(i.UART0_IRQHandler)
    __ARM_common_switch8                     0x0001b46d   Thumb Code    26  bsp.o(i.__ARM_common_switch8)
    __scatterload_copy                       0x0001b487   Thumb Code    14  handlers.o(i.__scatterload_copy)
    __scatterload_null                       0x0001b495   Thumb Code     2  handlers.o(i.__scatterload_null)
    __scatterload_zeroinit                   0x0001b497   Thumb Code    14  handlers.o(i.__scatterload_zeroinit)
    adv_data_encode                          0x0001b4a5   Thumb Code   534  ble_advdata.o(i.adv_data_encode)
    app_button_enable                        0x0001b751   Thumb Code    32  app_button.o(i.app_button_enable)
    app_button_init                          0x0001b775   Thumb Code   100  app_button.o(i.app_button_init)
    app_error_fault_handler                  0x0001b7e9   Thumb Code    18  app_error_weak.o(i.app_error_fault_handler)
    app_error_handler_bare                   0x0001b805   Thumb Code    20  app_error.o(i.app_error_handler_bare)
    app_timer_create                         0x0001b81d   Thumb Code    44  app_timer.o(i.app_timer_create)
    app_timer_init                           0x0001b84d   Thumb Code   126  app_timer.o(i.app_timer_init)
    app_timer_start                          0x0001b8dd   Thumb Code   114  app_timer.o(i.app_timer_start)
    app_timer_stop                           0x0001b959   Thumb Code    78  app_timer.o(i.app_timer_stop)
    ble_advdata_set                          0x0001b9ad   Thumb Code   104  ble_advdata.o(i.ble_advdata_set)
    bsp_event_to_button_action_assign        0x0001bb19   Thumb Code    66  bsp.o(i.bsp_event_to_button_action_assign)
    bsp_indication_set                       0x0001bb61   Thumb Code    22  bsp.o(i.bsp_indication_set)
    bsp_init                                 0x0001bb7d   Thumb Code   134  bsp.o(i.bsp_init)
    intern_softdevice_events_execute         0x0001c0a5   Thumb Code   116  softdevice_handler.o(i.intern_softdevice_events_execute)
    led_init                                 0x0001c1b9   Thumb Code    16  app_led.o(i.led_init)
    led_off                                  0x0001c1c9   Thumb Code    10  app_led.o(i.led_off)
    led_on                                   0x0001c1d9   Thumb Code    10  app_led.o(i.led_on)
    ledtogle                                 0x0001c201   Thumb Code    24  main.o(i.ledtogle)
    main                                     0x0001c3a9   Thumb Code   184  main.o(i.main)
    nrf_delay_ms                             0x0001c57d   Thumb Code    24  nrf_delay.o(i.nrf_delay_ms)
    nrf_drv_common_irq_enable                0x0001c599   Thumb Code    78  nrf_drv_common.o(i.nrf_drv_common_irq_enable)
    nrf_drv_gpiote_in_event_enable           0x0001c5f9   Thumb Code   138  nrf_drv_gpiote.o(i.nrf_drv_gpiote_in_event_enable)
    nrf_drv_gpiote_in_init                   0x0001c699   Thumb Code   146  nrf_drv_gpiote.o(i.nrf_drv_gpiote_in_init)
    nrf_drv_gpiote_in_is_set                 0x0001c73d   Thumb Code    16  nrf_drv_gpiote.o(i.nrf_drv_gpiote_in_is_set)
    nrf_drv_gpiote_init                      0x0001c751   Thumb Code    76  nrf_drv_gpiote.o(i.nrf_drv_gpiote_init)
    nrf_drv_gpiote_is_init                   0x0001c7a5   Thumb Code    12  nrf_drv_gpiote.o(i.nrf_drv_gpiote_is_init)
    sd_check_ram_start                       0x0001c901   Thumb Code    10  softdevice_handler.o(i.sd_check_ram_start)
    softdevice_enable                        0x0001ca2d   Thumb Code    14  softdevice_handler.o(i.softdevice_enable)
    softdevice_enable_get_default_config     0x0001ca41   Thumb Code    40  softdevice_handler.o(i.softdevice_enable_get_default_config)
    softdevice_fault_handler                 0x0001ca69   Thumb Code     8  softdevice_handler.o(i.softdevice_fault_handler)
    softdevice_handler_init                  0x0001ca71   Thumb Code    42  softdevice_handler.o(i.softdevice_handler_init)
    update_adv_data                          0x0001cd79   Thumb Code    42  main.o(i.update_adv_data)
    Region$$Table$$Base                      0x0001cf34   Number         0  anon$$obj.o(Region$$Table)
    Region$$Table$$Limit                     0x0001cf54   Number         0  anon$$obj.o(Region$$Table)
    Image$$RW_IRAM1$$Base                    0x20001870   Number         0  anon$$obj.o ABSOLUTE
    nrf_nvic_state                           0x200018e4   Data           8  softdevice_handler.o(.data)
    SystemCoreClock                          0x200018ec   Data           4  system_nrf51.o(.data)
    __initial_sp                             0x20002400   Data           0  arm_startup_nrf51.o(STACK)



==============================================================================

Memory Map of the image

  Image Entry point : 0x0001b0c1

  Load Region LR_IROM1 (Base: 0x0001b000, Size: 0x00001fd4, Max: 0x00025000, ABSOLUTE)

    Execution Region ER_IROM1 (Exec base: 0x0001b000, Load base: 0x0001b000, Size: 0x00001f54, Max: 0x00025000, ABSOLUTE)

    Exec Addr    Load Addr    Size         Type   Attr      Idx    E Section Name        Object

    0x0001b000   0x0001b000   0x000000c0   Data   RO         1904    RESET               arm_startup_nrf51.o
    0x0001b0c0   0x0001b0c0   0x00000000   Code   RO         1946  * .ARM.Collect$$$$00000000  mc_p.l(entry.o)
    0x0001b0c0   0x0001b0c0   0x00000004   Code   RO         1989    .ARM.Collect$$$$00000001  mc_p.l(entry2.o)
    0x0001b0c4   0x0001b0c4   0x00000004   Code   RO         1992    .ARM.Collect$$$$00000004  mc_p.l(entry5.o)
    0x0001b0c8   0x0001b0c8   0x00000000   Code   RO         1994    .ARM.Collect$$$$00000008  mc_p.l(entry7b.o)
    0x0001b0c8   0x0001b0c8   0x00000000   Code   RO         1996    .ARM.Collect$$$$0000000A  mc_p.l(entry8b.o)
    0x0001b0c8   0x0001b0c8   0x00000008   Code   RO         1997    .ARM.Collect$$$$0000000B  mc_p.l(entry9a.o)
    0x0001b0d0   0x0001b0d0   0x00000000   Code   RO         1999    .ARM.Collect$$$$0000000D  mc_p.l(entry10a.o)
    0x0001b0d0   0x0001b0d0   0x00000000   Code   RO         2001    .ARM.Collect$$$$0000000F  mc_p.l(entry11a.o)
    0x0001b0d0   0x0001b0d0   0x00000004   Code   RO         1990    .ARM.Collect$$$$00002712  mc_p.l(entry2.o)
    0x0001b0d4   0x0001b0d4   0x0000001e   Code   RO          708    .emb_text           nrf_delay.o
    0x0001b0f2   0x0001b0f2   0x00000002   PAD
    0x0001b0f4   0x0001b0f4   0x0000001e   Code   RO         1315    .emb_text           app_timer.o
    0x0001b112   0x0001b112   0x00000002   PAD
    0x0001b114   0x0001b114   0x00000038   Code   RO         1905    .text               arm_startup_nrf51.o
    0x0001b14c   0x0001b14c   0x0000002c   Code   RO         1949    .text               mc_p.l(uidiv.o)
    0x0001b178   0x0001b178   0x00000024   Code   RO         1951    .text               mc_p.l(memcpya.o)
    0x0001b19c   0x0001b19c   0x00000024   Code   RO         1953    .text               mc_p.l(memseta.o)
    0x0001b1c0   0x0001b1c0   0x00000024   Code   RO         2016    .text               mc_p.l(init.o)
    0x0001b1e4   0x0001b1e4   0x00000154   Code   RO          771    i.GPIOTE_IRQHandler  nrf_drv_gpiote.o
    0x0001b338   0x0001b338   0x00000044   Code   RO         1316    i.NVIC_SetPriority  app_timer.o
    0x0001b37c   0x0001b37c   0x00000020   Code   RO         1317    i.RTC1_IRQHandler   app_timer.o
    0x0001b39c   0x0001b39c   0x00000008   Code   RO         1318    i.SWI0_IRQHandler   app_timer.o
    0x0001b3a4   0x0001b3a4   0x00000020   Code   RO         1800    i.SWI2_IRQHandler   softdevice_handler.o
    0x0001b3c4   0x0001b3c4   0x000000a0   Code   RO         1912    i.SystemInit        system_nrf51.o
    0x0001b464   0x0001b464   0x00000008   Code   RO          961    i.UART0_IRQHandler  nrf_drv_uart.o
    0x0001b46c   0x0001b46c   0x0000001a   Code   RO          353    i.__ARM_common_switch8  bsp.o
    0x0001b486   0x0001b486   0x0000000e   Code   RO         2030    i.__scatterload_copy  mc_p.l(handlers.o)
    0x0001b494   0x0001b494   0x00000002   Code   RO         2031    i.__scatterload_null  mc_p.l(handlers.o)
    0x0001b496   0x0001b496   0x0000000e   Code   RO         2032    i.__scatterload_zeroinit  mc_p.l(handlers.o)
    0x0001b4a4   0x0001b4a4   0x00000216   Code   RO          390    i.adv_data_encode   ble_advdata.o
    0x0001b6ba   0x0001b6ba   0x00000002   PAD
    0x0001b6bc   0x0001b6bc   0x0000007c   Code   RO            4    i.advertising_init  main.o
    0x0001b738   0x0001b738   0x00000018   Code   RO          260    i.alert_timer_handler  bsp.o
    0x0001b750   0x0001b750   0x00000024   Code   RO         1130    i.app_button_enable  app_button.o
    0x0001b774   0x0001b774   0x00000074   Code   RO         1131    i.app_button_init   app_button.o
    0x0001b7e8   0x0001b7e8   0x0000001c   Code   RO         1223    i.app_error_fault_handler  app_error_weak.o
    0x0001b804   0x0001b804   0x00000018   Code   RO         1188    i.app_error_handler_bare  app_error.o
    0x0001b81c   0x0001b81c   0x00000030   Code   RO         1321    i.app_timer_create  app_timer.o
    0x0001b84c   0x0001b84c   0x00000090   Code   RO         1322    i.app_timer_init    app_timer.o
    0x0001b8dc   0x0001b8dc   0x0000007c   Code   RO         1323    i.app_timer_start   app_timer.o
    0x0001b958   0x0001b958   0x00000054   Code   RO         1324    i.app_timer_stop    app_timer.o
    0x0001b9ac   0x0001b9ac   0x00000068   Code   RO          391    i.ble_advdata_set   ble_advdata.o
    0x0001ba14   0x0001ba14   0x0000005e   Code   RO          392    i.ble_device_addr_encode  ble_advdata.o
    0x0001ba72   0x0001ba72   0x00000002   PAD
    0x0001ba74   0x0001ba74   0x000000a4   Code   RO          261    i.bsp_button_event_handler  bsp.o
    0x0001bb18   0x0001bb18   0x00000048   Code   RO          266    i.bsp_event_to_button_action_assign  bsp.o
    0x0001bb60   0x0001bb60   0x0000001c   Code   RO          267    i.bsp_indication_set  bsp.o
    0x0001bb7c   0x0001bb7c   0x000000a0   Code   RO          269    i.bsp_init          bsp.o
    0x0001bc1c   0x0001bc1c   0x000001e8   Code   RO          270    i.bsp_led_indication  bsp.o
    0x0001be04   0x0001be04   0x0000000c   Code   RO          272    i.button_timer_handler  bsp.o
    0x0001be10   0x0001be10   0x0000001c   Code   RO          772    i.channel_free      nrf_drv_gpiote.o
    0x0001be2c   0x0001be2c   0x00000048   Code   RO          773    i.channel_port_alloc  nrf_drv_gpiote.o
    0x0001be74   0x0001be74   0x00000010   Code   RO          774    i.channel_port_get  nrf_drv_gpiote.o
    0x0001be84   0x0001be84   0x000000a8   Code   RO         1326    i.compare_reg_update  app_timer.o
    0x0001bf2c   0x0001bf2c   0x00000088   Code   RO          393    i.conn_int_encode   ble_advdata.o
    0x0001bfb4   0x0001bfb4   0x00000060   Code   RO         1133    i.detection_delay_timeout_handler  app_button.o
    0x0001c014   0x0001c014   0x00000040   Code   RO         1327    i.elapsed_ticks_acquire  app_timer.o
    0x0001c054   0x0001c054   0x00000050   Code   RO         1134    i.gpiote_event_handler  app_button.o
    0x0001c0a4   0x0001c0a4   0x00000078   Code   RO         1801    i.intern_softdevice_events_execute  softdevice_handler.o
    0x0001c11c   0x0001c11c   0x00000048   Code   RO         1913    i.is_manual_peripheral_setup_needed  system_nrf51.o
    0x0001c164   0x0001c164   0x00000054   Code   RO          394    i.le_role_encode    ble_advdata.o
    0x0001c1b8   0x0001c1b8   0x00000010   Code   RO          213    i.led_init          app_led.o
    0x0001c1c8   0x0001c1c8   0x00000010   Code   RO          214    i.led_off           app_led.o
    0x0001c1d8   0x0001c1d8   0x00000010   Code   RO          215    i.led_on            app_led.o
    0x0001c1e8   0x0001c1e8   0x00000018   Code   RO          273    i.leds_timer_handler  bsp.o
    0x0001c200   0x0001c200   0x00000018   Code   RO            6    i.ledtogle          main.o
    0x0001c218   0x0001c218   0x000000bc   Code   RO         1328    i.list_deletions_handler  app_timer.o
    0x0001c2d4   0x0001c2d4   0x000000d4   Code   RO         1329    i.list_insertions_handler  app_timer.o
    0x0001c3a8   0x0001c3a8   0x000000cc   Code   RO            7    i.main              main.o
    0x0001c474   0x0001c474   0x00000068   Code   RO          395    i.manuf_specific_data_encode  ble_advdata.o
    0x0001c4dc   0x0001c4dc   0x0000009e   Code   RO          396    i.name_encode       ble_advdata.o
    0x0001c57a   0x0001c57a   0x00000002   PAD
    0x0001c57c   0x0001c57c   0x0000001c   Code   RO          709    i.nrf_delay_ms      nrf_delay.o
    0x0001c598   0x0001c598   0x00000060   Code   RO          738    i.nrf_drv_common_irq_enable  nrf_drv_common.o
    0x0001c5f8   0x0001c5f8   0x000000a0   Code   RO          777    i.nrf_drv_gpiote_in_event_enable  nrf_drv_gpiote.o
    0x0001c698   0x0001c698   0x000000a4   Code   RO          778    i.nrf_drv_gpiote_in_init  nrf_drv_gpiote.o
    0x0001c73c   0x0001c73c   0x00000014   Code   RO          779    i.nrf_drv_gpiote_in_is_set  nrf_drv_gpiote.o
    0x0001c750   0x0001c750   0x00000054   Code   RO          781    i.nrf_drv_gpiote_init  nrf_drv_gpiote.o
    0x0001c7a4   0x0001c7a4   0x00000010   Code   RO          782    i.nrf_drv_gpiote_is_init  nrf_drv_gpiote.o
    0x0001c7b4   0x0001c7b4   0x00000024   Code   RO          794    i.nrf_gpio_cfg      nrf_drv_gpiote.o
    0x0001c7d8   0x0001c7d8   0x00000010   Code   RO          216    i.nrf_gpio_cfg_output  app_led.o
    0x0001c7e8   0x0001c7e8   0x00000020   Code   RO          796    i.nrf_gpio_cfg_sense_set  nrf_drv_gpiote.o
    0x0001c808   0x0001c808   0x00000014   Code   RO          797    i.nrf_gpiote_event_is_set  nrf_drv_gpiote.o
    0x0001c81c   0x0001c81c   0x0000000a   Code   RO          978    i.nrf_uart_event_check  nrf_drv_uart.o
    0x0001c826   0x0001c826   0x00000010   Code   RO          979    i.nrf_uart_int_enable_check  nrf_drv_uart.o
    0x0001c836   0x0001c836   0x00000002   PAD
    0x0001c838   0x0001c838   0x00000018   Code   RO          798    i.pin_in_use_by_port  nrf_drv_gpiote.o
    0x0001c850   0x0001c850   0x00000018   Code   RO          799    i.pin_in_use_by_te  nrf_drv_gpiote.o
    0x0001c868   0x0001c868   0x00000044   Code   RO         1330    i.rtc1_stop         app_timer.o
    0x0001c8ac   0x0001c8ac   0x00000038   Code   RO          980    i.rx_byte           nrf_drv_uart.o
    0x0001c8e4   0x0001c8e4   0x0000001c   Code   RO          981    i.rx_done_event     nrf_drv_uart.o
    0x0001c900   0x0001c900   0x00000010   Code   RO         1802    i.sd_check_ram_start  softdevice_handler.o
    0x0001c910   0x0001c910   0x0000008c   Code   RO         1803    i.sd_nvic_EnableIRQ  softdevice_handler.o
    0x0001c99c   0x0001c99c   0x0000008e   Code   RO          397    i.service_data_encode  ble_advdata.o
    0x0001ca2a   0x0001ca2a   0x00000002   PAD
    0x0001ca2c   0x0001ca2c   0x00000014   Code   RO         1805    i.softdevice_enable  softdevice_handler.o
    0x0001ca40   0x0001ca40   0x00000028   Code   RO         1806    i.softdevice_enable_get_default_config  softdevice_handler.o
    0x0001ca68   0x0001ca68   0x00000008   Code   RO         1807    i.softdevice_fault_handler  softdevice_handler.o
    0x0001ca70   0x0001ca70   0x00000034   Code   RO         1808    i.softdevice_handler_init  softdevice_handler.o
    0x0001caa4   0x0001caa4   0x00000084   Code   RO         1331    i.timer_list_handler  app_timer.o
    0x0001cb28   0x0001cb28   0x00000010   Code   RO         1332    i.timer_list_handler_sched  app_timer.o
    0x0001cb38   0x0001cb38   0x00000040   Code   RO         1333    i.timer_list_insert  app_timer.o
    0x0001cb78   0x0001cb78   0x00000080   Code   RO         1334    i.timer_timeouts_check  app_timer.o
    0x0001cbf8   0x0001cbf8   0x0000002c   Code   RO          983    i.tx_byte           nrf_drv_uart.o
    0x0001cc24   0x0001cc24   0x00000020   Code   RO          984    i.tx_done_event     nrf_drv_uart.o
    0x0001cc44   0x0001cc44   0x00000128   Code   RO          985    i.uart_irq_handler  nrf_drv_uart.o
    0x0001cd6c   0x0001cd6c   0x0000000a   Code   RO          398    i.uint16_encode     ble_advdata.o
    0x0001cd76   0x0001cd76   0x00000002   PAD
    0x0001cd78   0x0001cd78   0x00000034   Code   RO            8    i.update_adv_data   main.o
    0x0001cdac   0x0001cdac   0x00000054   Code   RO         1335    i.user_id_get       app_timer.o
    0x0001ce00   0x0001ce00   0x00000026   Code   RO         1336    i.user_op_alloc     app_timer.o
    0x0001ce26   0x0001ce26   0x00000030   Code   RO          399    i.uuid_list_encode  ble_advdata.o
    0x0001ce56   0x0001ce56   0x000000ae   Code   RO          400    i.uuid_list_sized_encode  ble_advdata.o
    0x0001cf04   0x0001cf04   0x00000004   Data   RO           10    .constdata          main.o
    0x0001cf08   0x0001cf08   0x00000024   Data   RO          277    .constdata          bsp.o
    0x0001cf2c   0x0001cf2c   0x00000008   Data   RO         1136    .constdata          app_button.o
    0x0001cf34   0x0001cf34   0x00000020   Data   RO         2028    Region$$Table       anon$$obj.o


    Execution Region RW_IRAM1 (Exec base: 0x20001870, Load base: 0x0001cf54, Size: 0x00000b90, Max: 0x00002790, ABSOLUTE)

    Exec Addr    Load Addr    Size         Type   Attr      Idx    E Section Name        Object

    0x20001870   0x0001cf54   0x0000000f   Data   RW           11    .data               main.o
    0x2000187f   0x0001cf63   0x00000001   PAD
    0x20001880   0x0001cf64   0x0000001a   Data   RW          278    .data               bsp.o
    0x2000189a   0x0001cf7e   0x00000002   PAD
    0x2000189c   0x0001cf80   0x00000014   Data   RW         1137    .data               app_button.o
    0x200018b0   0x0001cf94   0x00000020   Data   RW         1337    .data               app_timer.o
    0x200018d0   0x0001cfb4   0x0000001c   Data   RW         1812    .data               softdevice_handler.o
    0x200018ec   0x0001cfd0   0x00000004   Data   RW         1914    .data               system_nrf51.o
    0x200018f0        -       0x00000228   Zero   RW            9    .bss                main.o
    0x20001b18        -       0x00000020   Zero   RW          274    .bss                bsp.o
    0x20001b38        -       0x00000020   Zero   RW          275    .bss                bsp.o
    0x20001b58        -       0x00000020   Zero   RW          276    .bss                bsp.o
    0x20001b78        -       0x00000048   Zero   RW          800    .bss                nrf_drv_gpiote.o
    0x20001bc0        -       0x0000001c   Zero   RW          986    .bss                nrf_drv_uart.o
    0x20001bdc        -       0x00000020   Zero   RW         1135    .bss                app_button.o
    0x20001bfc   0x0001cfd4   0x00000004   PAD
    0x20001c00        -       0x00000800   Zero   RW         1902    STACK               arm_startup_nrf51.o


==============================================================================

Image component sizes


      Code (inc. data)   RO Data    RW Data    ZI Data      Debug   Object Name

       328         34          8         20         32       8834   app_button.o
        24          4          0          0          0       2205   app_error.o
        28         10          0          0          0       7142   app_error_weak.o
        64         16          0          0          0       5242   app_led.o
      1700        150          0         32          0      33775   app_timer.o
        56         18        192          0       2048        692   arm_startup_nrf51.o
      1588          6          0          0          0      52280   ble_advdata.o
       998         98         36         26         96      18864   bsp.o
       404         46          4         15        552      68124   main.o
        58          4          0          0          0       1767   nrf_delay.o
        96         18          0          0          0       8664   nrf_drv_common.o
      1036        126          0          0         72      22244   nrf_drv_gpiote.o
       490         58          0          0         28      14069   nrf_drv_uart.o
       428         54          0         28          0      22067   softdevice_handler.o
       232         36          0          4          0       2303   system_nrf51.o

    ----------------------------------------------------------------------
      7546        678        272        128       2832     268272   Object Totals
         0          0         32          0          0          0   (incl. Generated)
        16          0          0          3          4          0   (incl. Padding)

    ----------------------------------------------------------------------

      Code (inc. data)   RO Data    RW Data    ZI Data      Debug   Library Member Name

         0          0          0          0          0          0   entry.o
         0          0          0          0          0          0   entry10a.o
         0          0          0          0          0          0   entry11a.o
         8          4          0          0          0          0   entry2.o
         4          0          0          0          0          0   entry5.o
         0          0          0          0          0          0   entry7b.o
         0          0          0          0          0          0   entry8b.o
         8          4          0          0          0          0   entry9a.o
        30          0          0          0          0          0   handlers.o
        36          8          0          0          0         68   init.o
        36          0          0          0          0         60   memcpya.o
        36          0          0          0          0        100   memseta.o
        44          0          0          0          0         72   uidiv.o

    ----------------------------------------------------------------------
       202         16          0          0          0        300   Library Totals
         0          0          0          0          0          0   (incl. Padding)

    ----------------------------------------------------------------------

      Code (inc. data)   RO Data    RW Data    ZI Data      Debug   Library Name

       202         16          0          0          0        300   mc_p.l

    ----------------------------------------------------------------------
       202         16          0          0          0        300   Library Totals

    ----------------------------------------------------------------------

==============================================================================


      Code (inc. data)   RO Data    RW Data    ZI Data      Debug   

      7748        694        272        128       2832     264924   Grand Totals
      7748        694        272        128       2832     264924   ELF Image Totals
      7748        694        272        128          0          0   ROM Totals

==============================================================================

    Total RO  Size (Code + RO Data)                 8020 (   7.83kB)
    Total RW  Size (RW Data + ZI Data)              2960 (   2.89kB)
    Total ROM Size (Code + RO Data + RW Data)       8148 (   7.96kB)

==============================================================================

