<html>
<body>
<pre>
<h1>µVision Build Log</h1>
<h2>Tool Versions:</h2>
IDE-Version: µVision V5.28.0.0
Copyright (C) 2019 ARM Ltd and ARM Germany GmbH. All rights reserved.
License Information: Phan Quynh nhu, HP Inc., LIC=65IJJ-UCA8M-QCKJ5-GIDJ0-HDEAL-IYKCU
 
Tool Versions:
Toolchain:       MDK-ARM Plus  Version: 5.28.0.0
Toolchain Path:  C:\Keil_v5\ARM\ARMCC\Bin
C Compiler:      Armcc.exe V5.06 update 6 (build 750)
Assembler:       Armasm.exe V5.06 update 6 (build 750)
Linker/Locator:  ArmLink.exe V5.06 update 6 (build 750)
Library Manager: ArmAr.exe V5.06 update 6 (build 750)
Hex Converter:   FromElf.exe V5.06 update 6 (build 750)
CPU DLL:         
Dialog DLL:      
Target DLL:      Segger\JL2CM3.dll V2.99.36.0
Dialog DLL:      TARMCM1.DLL V1.14.1.0
 
<h2>Project:</h2>
E:\BLE_SDK\nRF5SDK110089a8197\examples\ble_peripheral\aaa_ble_app_beacon\pca20006\s130\arm5_no_packs\ble_app_beacon_s130_pca20006.uvprojx
Project File Date:  04/11/2022

<h2>Output:</h2>
*** Using Compiler 'V5.06 update 6 (build 750)', folder: 'C:\Keil_v5\ARM\ARMCC\Bin'
Rebuild target 'nrf51422_xxac_s130'
compiling nrf_delay.c...
compiling nrf_drv_common.c...
compiling app_led.c...
..\..\..\app_led.h(6): warning:  #1-D: last line of file ends without a newline
  #endif
..\..\..\cus_board.h(6): warning:  #1-D: last line of file ends without a newline
  #endif
..\..\..\app_led.c(20): warning:  #1-D: last line of file ends without a newline
  }
..\..\..\app_led.c: 3 warnings, 0 errors
compiling app_uart_fifo.c...
compiling ble_conn_params.c...
compiling ble_srv_common.c...
compiling bsp.c...
compiling main.c...
..\..\..\app_led.h(6): warning:  #1-D: last line of file ends without a newline
  #endif
..\..\..\cus_board.h(6): warning:  #1-D: last line of file ends without a newline
  #endif
..\..\..\main.c(157): warning:  #177-D: variable "advdata"  was declared but never referenced
  	ble_advdata_t advdata;  //ble_advdara_t  struct define
..\..\..\main.c(158): warning:  #177-D: variable "flags"  was declared but never referenced
      uint8_t       flags = BLE_GAP_ADV_FLAG_BR_EDR_NOT_SUPPORTED;
..\..\..\main.c(159): warning:  #550-D: variable "manuf_specific_data"  was set but never used
  	 ble_advdata_manuf_data_t manuf_specific_data;
..\..\..\main.c: 5 warnings, 0 errors
compiling nrf_drv_uart.c...
compiling ble_advdata.c...
compiling nrf_drv_gpiote.c...
compiling RTT_Syscalls_KEIL.c...
compiling app_error.c...
compiling app_error_weak.c...
compiling SEGGER_RTT.c...
compiling app_fifo.c...
compiling app_button.c...
compiling nrf_assert.c...
compiling app_util_platform.c...
compiling SEGGER_RTT_printf.c...
compiling retarget.c...
compiling app_timer.c...
assembling arm_startup_nrf51.s...
compiling nrf_log.c...
compiling system_nrf51.c...
compiling softdevice_handler.c...
linking...
Program Size: Code=7748 RO-data=272 RW-data=128 ZI-data=2832  
FromELF: creating hex file...
".\_build\nrf51422_xxac_s130.axf" - 0 Error(s), 8 Warning(s).

<h2>Software Packages used:</h2>

Package Vendor: ARM
                http://www.keil.com/pack/ARM.CMSIS.4.5.0.pack
                ARM.CMSIS.4.5.0
                CMSIS (Cortex Microcontroller Software Interface Standard)
   * Component: CORE Version: 4.3.0

Package Vendor: NordicSemiconductor
                http://developer.nordicsemi.com/nRF5_SDK/pieces/nRF_DeviceFamilyPack/NordicSemiconductor.nRF_DeviceFamilyPack.8.5.0.pack
                NordicSemiconductor.nRF_DeviceFamilyPack.8.5.0
                Nordic Semiconductor nRF ARM devices Device Family Pack.
   * Component: Startup Version: 8.5.0

<h2>Collection of Component include folders:</h2>
  .\RTE\_nrf51422_xxac_s130
  C:\Users\Duy Huan\AppData\Local\Arm\Packs\ARM\CMSIS\4.5.0\CMSIS\Include
  C:\Users\Duy Huan\AppData\Local\Arm\Packs\NordicSemiconductor\nRF_DeviceFamilyPack\8.5.0\Device\Include

<h2>Collection of Component Files used:</h2>

   * Component: ARM::CMSIS:CORE:4.3.0

   * Component: NordicSemiconductor::Device:Startup:8.5.0
      Source file:   Device\Source\system_nrf51.c
      Source file:   Device\Source\arm\arm_startup_nrf51.s
      Include file:  Device\Include\system_nrf51.h
Build Time Elapsed:  00:00:03
</pre>
</body>
</html>
